Archive member included to satisfy reference by file (symbol)

c:/progra~1/raspbe~1/picosd~1.1/gcc-ar~1/bin/../lib/gcc/arm-none-eabi/10.3.1/thumb/v6-m/nofp\libgcc.a(_dvmd_tls.o)
                              CMakeFiles/ds3231_clock.dir/C_/Program_Files/Raspberry_Pi/Pico_SDK_v1.5.1/pico-sdk/src/rp2_common/pico_divider/divider.S.obj (__aeabi_idiv0)
c:/progra~1/raspbe~1/picosd~1.1/gcc-ar~1/bin/../lib/gcc/arm-none-eabi/10.3.1/../../../../arm-none-eabi/lib/thumb/v6-m/nofp\libg.a(lib_a-calloc.o)
                              CMakeFiles/ds3231_clock.dir/C_/Program_Files/Raspberry_Pi/Pico_SDK_v1.5.1/pico-sdk/src/rp2_common/pico_malloc/pico_malloc.c.obj (calloc)
c:/progra~1/raspbe~1/picosd~1.1/gcc-ar~1/bin/../lib/gcc/arm-none-eabi/10.3.1/../../../../arm-none-eabi/lib/thumb/v6-m/nofp\libg.a(lib_a-callocr.o)
                              c:/progra~1/raspbe~1/picosd~1.1/gcc-ar~1/bin/../lib/gcc/arm-none-eabi/10.3.1/../../../../arm-none-eabi/lib/thumb/v6-m/nofp\libg.a(lib_a-calloc.o) (_calloc_r)
c:/progra~1/raspbe~1/picosd~1.1/gcc-ar~1/bin/../lib/gcc/arm-none-eabi/10.3.1/../../../../arm-none-eabi/lib/thumb/v6-m/nofp\libg.a(lib_a-errno.o)
                              c:/progra~1/raspbe~1/picosd~1.1/gcc-ar~1/bin/../lib/gcc/arm-none-eabi/10.3.1/../../../../arm-none-eabi/lib/thumb/v6-m/nofp\libg.a(lib_a-callocr.o) (__errno)
c:/progra~1/raspbe~1/picosd~1.1/gcc-ar~1/bin/../lib/gcc/arm-none-eabi/10.3.1/../../../../arm-none-eabi/lib/thumb/v6-m/nofp\libg.a(lib_a-impure.o)
                              c:/progra~1/raspbe~1/picosd~1.1/gcc-ar~1/bin/../lib/gcc/arm-none-eabi/10.3.1/../../../../arm-none-eabi/lib/thumb/v6-m/nofp\libg.a(lib_a-calloc.o) (_impure_ptr)
c:/progra~1/raspbe~1/picosd~1.1/gcc-ar~1/bin/../lib/gcc/arm-none-eabi/10.3.1/../../../../arm-none-eabi/lib/thumb/v6-m/nofp\libg.a(lib_a-init.o)
                              c:/progra~1/raspbe~1/picosd~1.1/gcc-ar~1/bin/../lib/gcc/arm-none-eabi/10.3.1/../../../../arm-none-eabi/lib/thumb/v6-m/nofp/crt0.o (__libc_init_array)
c:/progra~1/raspbe~1/picosd~1.1/gcc-ar~1/bin/../lib/gcc/arm-none-eabi/10.3.1/../../../../arm-none-eabi/lib/thumb/v6-m/nofp\libg.a(lib_a-malloc.o)
                              CMakeFiles/ds3231_clock.dir/C_/Program_Files/Raspberry_Pi/Pico_SDK_v1.5.1/pico-sdk/src/rp2_common/pico_malloc/pico_malloc.c.obj (malloc)
c:/progra~1/raspbe~1/picosd~1.1/gcc-ar~1/bin/../lib/gcc/arm-none-eabi/10.3.1/../../../../arm-none-eabi/lib/thumb/v6-m/nofp\libg.a(lib_a-mallocr.o)
                              c:/progra~1/raspbe~1/picosd~1.1/gcc-ar~1/bin/../lib/gcc/arm-none-eabi/10.3.1/../../../../arm-none-eabi/lib/thumb/v6-m/nofp\libg.a(lib_a-callocr.o) (_malloc_r)
c:/progra~1/raspbe~1/picosd~1.1/gcc-ar~1/bin/../lib/gcc/arm-none-eabi/10.3.1/../../../../arm-none-eabi/lib/thumb/v6-m/nofp\libg.a(lib_a-mlock.o)
                              c:/progra~1/raspbe~1/picosd~1.1/gcc-ar~1/bin/../lib/gcc/arm-none-eabi/10.3.1/../../../../arm-none-eabi/lib/thumb/v6-m/nofp\libg.a(lib_a-mallocr.o) (__malloc_lock)
c:/progra~1/raspbe~1/picosd~1.1/gcc-ar~1/bin/../lib/gcc/arm-none-eabi/10.3.1/../../../../arm-none-eabi/lib/thumb/v6-m/nofp\libg.a(lib_a-realloc.o)
                              CMakeFiles/ds3231_clock.dir/C_/Program_Files/Raspberry_Pi/Pico_SDK_v1.5.1/pico-sdk/src/rp2_common/pico_malloc/pico_malloc.c.obj (realloc)
c:/progra~1/raspbe~1/picosd~1.1/gcc-ar~1/bin/../lib/gcc/arm-none-eabi/10.3.1/../../../../arm-none-eabi/lib/thumb/v6-m/nofp\libg.a(lib_a-reallocr.o)
                              c:/progra~1/raspbe~1/picosd~1.1/gcc-ar~1/bin/../lib/gcc/arm-none-eabi/10.3.1/../../../../arm-none-eabi/lib/thumb/v6-m/nofp\libg.a(lib_a-realloc.o) (_realloc_r)
c:/progra~1/raspbe~1/picosd~1.1/gcc-ar~1/bin/../lib/gcc/arm-none-eabi/10.3.1/../../../../arm-none-eabi/lib/thumb/v6-m/nofp\libg.a(lib_a-sbrkr.o)
                              c:/progra~1/raspbe~1/picosd~1.1/gcc-ar~1/bin/../lib/gcc/arm-none-eabi/10.3.1/../../../../arm-none-eabi/lib/thumb/v6-m/nofp\libg.a(lib_a-mallocr.o) (_sbrk_r)
c:/progra~1/raspbe~1/picosd~1.1/gcc-ar~1/bin/../lib/gcc/arm-none-eabi/10.3.1/../../../../arm-none-eabi/lib/thumb/v6-m/nofp\libg.a(lib_a-strlen-stub.o)
                              CMakeFiles/ds3231_clock.dir/C_/Program_Files/Raspberry_Pi/Pico_SDK_v1.5.1/pico-sdk/src/rp2_common/pico_stdio/stdio.c.obj (strlen)
c:/progra~1/raspbe~1/picosd~1.1/gcc-ar~1/bin/../lib/gcc/arm-none-eabi/10.3.1/../../../../arm-none-eabi/lib/thumb/v6-m/nofp\libg.a(lib_a-freer.o)
                              c:/progra~1/raspbe~1/picosd~1.1/gcc-ar~1/bin/../lib/gcc/arm-none-eabi/10.3.1/../../../../arm-none-eabi/lib/thumb/v6-m/nofp\libg.a(lib_a-malloc.o) (_free_r)
c:/progra~1/raspbe~1/picosd~1.1/gcc-ar~1/bin/../lib/gcc/arm-none-eabi/10.3.1/../../../../arm-none-eabi/lib/thumb/v6-m/nofp\libg.a(lib_a-lock.o)
                              c:/progra~1/raspbe~1/picosd~1.1/gcc-ar~1/bin/../lib/gcc/arm-none-eabi/10.3.1/../../../../arm-none-eabi/lib/thumb/v6-m/nofp\libg.a(lib_a-mlock.o) (__retarget_lock_acquire_recursive)
[...]
Memory Configuration

Name             Origin             Length             Attributes
FLASH            0x10000000         0x00200000         xr
RAM              0x20000000         0x00040000         xrw
SCRATCH_X        0x20040000         0x00001000         xrw
SCRATCH_Y        0x20041000         0x00001000         xrw
*default*        0x00000000         0xffffffff

Linker script and memory map

LOAD c:/progra~1/raspbe~1/picosd~1.1/gcc-ar~1/bin/../lib/gcc/arm-none-eabi/10.3.1/thumb/v6-m/nofp/crti.o
LOAD c:/progra~1/raspbe~1/picosd~1.1/gcc-ar~1/bin/../lib/gcc/arm-none-eabi/10.3.1/thumb/v6-m/nofp/crtbegin.o
LOAD c:/progra~1/raspbe~1/picosd~1.1/gcc-ar~1/bin/../lib/gcc/arm-none-eabi/10.3.1/../../../../arm-none-eabi/lib/thumb/v6-m/nofp/crt0.o

.flash_begin    0x10000000        0x0
                0x10000000                __flash_binary_start = .

.boot2          0x10000000      0x100
                0x10000000                __boot2_start__ = .
 *(.boot2)
 .boot2         0x10000000      0x100 C:\Users\sh_mu\AppData\Local\Temp\ccgIYEMT.o
                0x10000100                __boot2_end__ = .
                0x00000001                ASSERT (((__boot2_end__ - __boot2_start__) == 0x100), ERROR: Pico second stage bootloader must be 256 bytes in size)

.text           0x10000100     0x8fa0
                0x10000100                __logical_binary_start = .
 *(.vectors)
 .vectors       0x10000100       0xd4 CMakeFiles/ds3231_clock.dir/C_/Program_Files/Raspberry_Pi/Pico_SDK_v1.5.1/pico-sdk/src/rp2_common/pico_standard_link/crt0.S.obj
                0x10000100                __VECTOR_TABLE
                0x10000100                __vectors
                0x100001c0                isr_invalid
                0x100001c0                __default_isrs_start
                0x100001c2                isr_nmi
                0x100001c4                isr_hardfault
                0x100001c6                isr_svcall
                0x100001c8                isr_pendsv
                0x100001ca                isr_systick
                0x100001cc                isr_irq23
                0x100001cc                isr_irq18
                0x100001cc                isr_irq11
                0x100001cc                isr_irq28
                0x100001cc                isr_irq19
                0x100001cc                isr_irq0
                0x100001cc                isr_irq6
                0x100001cc                isr_irq5
                0x100001cc                isr_irq12
                0x100001cc                isr_irq22
                0x100001cc                isr_irq31
                0x100001cc                isr_irq17
                0x100001cc                isr_irq27
                0x100001cc                isr_irq30
                0x100001cc                isr_irq2
                0x100001cc                isr_irq10
                0x100001cc                isr_irq8
                0x100001cc                isr_irq24
                0x100001cc                isr_irq1
                0x100001cc                isr_irq7
                0x100001cc                isr_irq21
                0x100001cc                isr_irq20
                0x100001cc                isr_irq15
                0x100001cc                isr_irq25
                0x100001cc                isr_irq13
                0x100001cc                __unhandled_user_irq
                0x100001cc                isr_irq4
                0x100001cc                isr_irq16
                0x100001cc                isr_irq29
                0x100001cc                isr_irq26
                0x100001cc                __default_isrs_end
                0x100001cc                isr_irq3
                0x100001cc                isr_irq14
                0x100001cc                isr_irq9
                0x100001d2                unhandled_user_irq_num_in_r0
 *(.binary_info_header)
 .binary_info_header
                0x100001d4       0x14 CMakeFiles/ds3231_clock.dir/C_/Program_Files/Raspberry_Pi/Pico_SDK_v1.5.1/pico-sdk/src/rp2_common/pico_standard_link/crt0.S.obj
                0x100001e8                __binary_info_header_end = .
 *(.reset)
 .reset         0x100001e8       0xa0 CMakeFiles/ds3231_clock.dir/C_/Program_Files/Raspberry_Pi/Pico_SDK_v1.5.1/pico-sdk/src/rp2_common/pico_standard_link/crt0.S.obj
                0x100001e8                _entry_point
 .reset         0x10000288       0x30 CMakeFiles/ds3231_clock.dir/C_/Program_Files/Raspberry_Pi/Pico_SDK_v1.5.1/pico-sdk/src/rp2_common/pico_standard_link/binary_info.c.obj
 *(.init)
 .init          0x100002b8        0x4 c:/progra~1/raspbe~1/picosd~1.1/gcc-ar~1/bin/../lib/gcc/arm-none-eabi/10.3.1/thumb/v6-m/nofp/crti.o
                0x100002b8                _init
 *(EXCLUDE_FILE(*libm.a: *libc.a:*lib_a-mem*.o *libgcc.a:) .text*)
 .text          0x100002bc       0x48 c:/progra~1/raspbe~1/picosd~1.1/gcc-ar~1/bin/../lib/gcc/arm-none-eabi/10.3.1/thumb/v6-m/nofp/crtbegin.o
 .text._Z17draw7SegmentDigitR7SSD1306iiib
                0x10000304      0x128 CMakeFiles/ds3231_clock.dir/examples/ds3231_clock.cpp.obj
                0x10000304                draw7SegmentDigit(SSD1306&, int, int, int, bool)
 .text._Z9drawColonR7SSD1306iib
                0x1000042c       0x54 CMakeFiles/ds3231_clock.dir/examples/ds3231_clock.cpp.obj
                0x1000042c                drawColon(SSD1306&, int, int, bool)
 .text._Z14drawYellowAreaR7SSD1306iiiif
                0x10000480       0xb8 CMakeFiles/ds3231_clock.dir/examples/ds3231_clock.cpp.obj
                0x10000480                drawYellowArea(SSD1306&, int, int, int, int, float)
 .text._Z12drawBlueAreaR7SSD1306iiib
                0x10000538       0xc6 CMakeFiles/ds3231_clock.dir/examples/ds3231_clock.cpp.obj
                0x10000538                drawBlueArea(SSD1306&, int, int, int, bool)
 .text._Z18drawDualColorClockR7SSD1306R13ds3231_time_tfb
                0x100005fe       0x4e CMakeFiles/ds3231_clock.dir/examples/ds3231_clock.cpp.obj
                0x100005fe                drawDualColorClock(SSD1306&, ds3231_time_t&, float, bool)
 .text.main     0x1000064c      0x3ac CMakeFiles/ds3231_clock.dir/examples/ds3231_clock.cpp.obj
                0x1000064c                main
 .text._ZN7SSD1306C2EP8i2c_insth
                0x100009f8       0x1e CMakeFiles/ds3231_clock.dir/src/ssd1306.cpp.obj
                0x100009f8                SSD1306::SSD1306(i2c_inst*, unsigned char)
                0x100009f8                SSD1306::SSD1306(i2c_inst*, unsigned char)
 .text._ZN7SSD1306D2Ev
                0x10000a16       0x16 CMakeFiles/ds3231_clock.dir/src/ssd1306.cpp.obj
                0x10000a16                SSD1306::~SSD1306()
                0x10000a16                SSD1306::~SSD1306()
 .text._ZN7SSD130612clearDisplayEv
                0x10000a2c       0x10 CMakeFiles/ds3231_clock.dir/src/ssd1306.cpp.obj
                0x10000a2c                SSD1306::clearDisplay()
 .text._ZN7SSD13069drawPixelEsst
                0x10000a3c       0x82 CMakeFiles/ds3231_clock.dir/src/ssd1306.cpp.obj
                0x10000a3c                SSD1306::drawPixel(short, short, unsigned short)
 .text._ZN7SSD130621drawFastHLineInternalEssst
                0x10000abe       0x94 CMakeFiles/ds3231_clock.dir/src/ssd1306.cpp.obj
                0x10000abe                SSD1306::drawFastHLineInternal(short, short, short, unsigned short)
 .text._ZN7SSD130613drawFastHLineEssst
                0x10000b52       0x12 CMakeFiles/ds3231_clock.dir/src/ssd1306.cpp.obj
                0x10000b52                SSD1306::drawFastHLine(short, short, short, unsigned short)
 .text._ZN7SSD130621drawFastVLineInternalEssst
                0x10000b64      0x11e CMakeFiles/ds3231_clock.dir/src/ssd1306.cpp.obj
                0x10000b64                SSD1306::drawFastVLineInternal(short, short, short, unsigned short)
 .text._ZN7SSD130613drawFastVLineEssst
                0x10000c82       0x12 CMakeFiles/ds3231_clock.dir/src/ssd1306.cpp.obj
                0x10000c82                SSD1306::drawFastVLine(short, short, short, unsigned short)
 .text._ZN7SSD13068drawRectEsssst
                0x10000c94       0x6a CMakeFiles/ds3231_clock.dir/src/ssd1306.cpp.obj
                0x10000c94                SSD1306::drawRect(short, short, short, short, unsigned short)
 .text._ZN7SSD13068fillRectEsssst
                0x10000cfe       0x4c CMakeFiles/ds3231_clock.dir/src/ssd1306.cpp.obj
                0x10000cfe                SSD1306::fillRect(short, short, short, short, unsigned short)
 .text._ZN7SSD130616fillCircleHelperEssshst
                0x10000d4a      0x156 CMakeFiles/ds3231_clock.dir/src/ssd1306.cpp.obj
                0x10000d4a                SSD1306::fillCircleHelper(short, short, short, unsigned char, short, unsigned short)
 .text._ZN7SSD130610fillCircleEssst
                0x10000ea0       0x52 CMakeFiles/ds3231_clock.dir/src/ssd1306.cpp.obj
                0x10000ea0                SSD1306::fillCircle(short, short, short, unsigned short)
 .text._ZN7SSD13069setCursorEss
                0x10000ef2        0x6 CMakeFiles/ds3231_clock.dir/src/ssd1306.cpp.obj
                0x10000ef2                SSD1306::setCursor(short, short)
 .text._ZN7SSD130611setTextSizeEh
                0x10000ef8        0xa CMakeFiles/ds3231_clock.dir/src/ssd1306.cpp.obj
                0x10000ef8                SSD1306::setTextSize(unsigned char)
 *fill*         0x10000f02        0x2 
 .text._ZN7SSD13065writeEh
                0x10000f04       0xe8 CMakeFiles/ds3231_clock.dir/src/ssd1306.cpp.obj
                0x10000f04                SSD1306::write(unsigned char)
 .text._ZN7SSD13065printEPKc
                0x10000fec       0x18 CMakeFiles/ds3231_clock.dir/src/ssd1306.cpp.obj
                0x10000fec                SSD1306::print(char const*)
 .text._ZN7SSD130615ssd1306_commandEh
                0x10001004       0x1e CMakeFiles/ds3231_clock.dir/src/ssd1306.cpp.obj
                0x10001004                SSD1306::ssd1306_command(unsigned char)
 .text._ZN7SSD130611setContrastEh
                0x10001022       0x18 CMakeFiles/ds3231_clock.dir/src/ssd1306.cpp.obj
                0x10001022                SSD1306::setContrast(unsigned char)
 .text._ZN7SSD130619ssd1306_commandListEPKhh
                0x1000103a       0x1e CMakeFiles/ds3231_clock.dir/src/ssd1306.cpp.obj
                0x1000103a                SSD1306::ssd1306_commandList(unsigned char const*, unsigned char)
 .text._ZN7SSD13065beginEhhb
                0x10001058       0xec CMakeFiles/ds3231_clock.dir/src/ssd1306.cpp.obj
                0x10001058                SSD1306::begin(unsigned char, unsigned char, bool)
 .text._ZN7SSD13067displayEv
                0x10001144       0x5c CMakeFiles/ds3231_clock.dir/src/ssd1306.cpp.obj
                0x10001144                SSD1306::display()
 .text.ds3231_write_register
                0x100011a0       0x2e CMakeFiles/ds3231_clock.dir/src/ds3231/ds3231_driver.cpp.obj
                0x100011a0                ds3231_write_register
 .text.ds3231_read_register
                0x100011ce       0x52 CMakeFiles/ds3231_clock.dir/src/ds3231/ds3231_driver.cpp.obj
                0x100011ce                ds3231_read_register
 .text.ds3231_read_temperature
                0x10001220       0x5e CMakeFiles/ds3231_clock.dir/src/ds3231/ds3231_driver.cpp.obj
                0x10001220                ds3231_read_temperature
 .text.ds3231_enable_oscillator
                0x1000127e       0x4e CMakeFiles/ds3231_clock.dir/src/ds3231/ds3231_driver.cpp.obj
                0x1000127e                ds3231_enable_oscillator
 .text.ds3231_init
                0x100012cc       0x5c CMakeFiles/ds3231_clock.dir/src/ds3231/ds3231_driver.cpp.obj
                0x100012cc                ds3231_init
 .text.ds3231_is_oscillator_stopped
                0x10001328       0x32 CMakeFiles/ds3231_clock.dir/src/ds3231/ds3231_driver.cpp.obj
                0x10001328                ds3231_is_oscillator_stopped
 *fill*         0x1000135a        0x2 
 .text.ds3231_time_to_string
                0x1000135c       0x84 CMakeFiles/ds3231_clock.dir/src/ds3231/ds3231_driver.cpp.obj
                0x1000135c                ds3231_time_to_string
 .text.bcd_to_bin
                0x100013e0       0x14 CMakeFiles/ds3231_clock.dir/src/ds3231/ds3231_driver.cpp.obj
                0x100013e0                bcd_to_bin
 .text.ds3231_read_time
                0x100013f4       0x9c CMakeFiles/ds3231_clock.dir/src/ds3231/ds3231_driver.cpp.obj
                0x100013f4                ds3231_read_time
 .text.gpio_set_function
                0x10001490       0x30 CMakeFiles/ds3231_clock.dir/C_/Program_Files/Raspberry_Pi/Pico_SDK_v1.5.1/pico-sdk/src/rp2_common/hardware_gpio/gpio.c.obj
                0x10001490                gpio_set_function
 .text.gpio_set_pulls
                0x100014c0       0x34 CMakeFiles/ds3231_clock.dir/C_/Program_Files/Raspberry_Pi/Pico_SDK_v1.5.1/pico-sdk/src/rp2_common/hardware_gpio/gpio.c.obj
                0x100014c0                gpio_set_pulls
 .text.running_on_fpga
                0x100014f4       0x14 CMakeFiles/ds3231_clock.dir/C_/Program_Files/Raspberry_Pi/Pico_SDK_v1.5.1/pico-sdk/src/rp2_common/pico_platform/platform.c.obj
                0x100014f4                running_on_fpga
 .text.hw_claim_lock
                0x10001508       0x18 CMakeFiles/ds3231_clock.dir/C_/Program_Files/Raspberry_Pi/Pico_SDK_v1.5.1/pico-sdk/src/rp2_common/hardware_claim/claim.c.obj
                0x10001508                hw_claim_lock
 .text.hw_claim_unlock
                0x10001520       0x14 CMakeFiles/ds3231_clock.dir/C_/Program_Files/Raspberry_Pi/Pico_SDK_v1.5.1/pico-sdk/src/rp2_common/hardware_claim/claim.c.obj
                0x10001520                hw_claim_unlock
 .text.hw_claim_or_assert
                0x10001534       0x32 CMakeFiles/ds3231_clock.dir/C_/Program_Files/Raspberry_Pi/Pico_SDK_v1.5.1/pico-sdk/src/rp2_common/hardware_claim/claim.c.obj
                0x10001534                hw_claim_or_assert
 .text.hw_claim_unused_from_range
                0x10001566       0x50 CMakeFiles/ds3231_clock.dir/C_/Program_Files/Raspberry_Pi/Pico_SDK_v1.5.1/pico-sdk/src/rp2_common/hardware_claim/claim.c.obj
                0x10001566                hw_claim_unused_from_range
 *fill*         0x100015b6        0x2 
 .text.spin_locks_reset
                0x100015b8       0x20 CMakeFiles/ds3231_clock.dir/C_/Program_Files/Raspberry_Pi/Pico_SDK_v1.5.1/pico-sdk/src/rp2_common/hardware_sync/sync.c.obj
                0x100015b8                spin_locks_reset
 .text.next_striped_spin_lock_num
                0x100015d8       0x1c CMakeFiles/ds3231_clock.dir/C_/Program_Files/Raspberry_Pi/Pico_SDK_v1.5.1/pico-sdk/src/rp2_common/hardware_sync/sync.c.obj
                0x100015d8                next_striped_spin_lock_num
 .text.spin_lock_claim_unused
                0x100015f4       0x20 CMakeFiles/ds3231_clock.dir/C_/Program_Files/Raspberry_Pi/Pico_SDK_v1.5.1/pico-sdk/src/rp2_common/hardware_sync/sync.c.obj
                0x100015f4                spin_lock_claim_unused
 .text.set_raw_irq_handler_and_unlock
                0x10001614       0x28 CMakeFiles/ds3231_clock.dir/C_/Program_Files/Raspberry_Pi/Pico_SDK_v1.5.1/pico-sdk/src/rp2_common/hardware_irq/irq.c.obj
 .text.make_branch
                0x1000163c       0x48 CMakeFiles/ds3231_clock.dir/C_/Program_Files/Raspberry_Pi/Pico_SDK_v1.5.1/pico-sdk/src/rp2_common/hardware_irq/irq.c.obj
 .text.insert_branch_and_link
                0x10001684       0x40 CMakeFiles/ds3231_clock.dir/C_/Program_Files/Raspberry_Pi/Pico_SDK_v1.5.1/pico-sdk/src/rp2_common/hardware_irq/irq.c.obj
 .text.irq_is_enabled
                0x100016c4       0x18 CMakeFiles/ds3231_clock.dir/C_/Program_Files/Raspberry_Pi/Pico_SDK_v1.5.1/pico-sdk/src/rp2_common/hardware_irq/irq.c.obj
                0x100016c4                irq_is_enabled
 .text.irq_set_mask_enabled
                0x100016dc       0x20 CMakeFiles/ds3231_clock.dir/C_/Program_Files/Raspberry_Pi/Pico_SDK_v1.5.1/pico-sdk/src/rp2_common/hardware_irq/irq.c.obj
                0x100016dc                irq_set_mask_enabled
 .text.irq_set_enabled
                0x100016fc        0xe CMakeFiles/ds3231_clock.dir/C_/Program_Files/Raspberry_Pi/Pico_SDK_v1.5.1/pico-sdk/src/rp2_common/hardware_irq/irq.c.obj
                0x100016fc                irq_set_enabled
 *fill*         0x1000170a        0x2 
 .text.irq_set_pending
                0x1000170c       0x10 CMakeFiles/ds3231_clock.dir/C_/Program_Files/Raspberry_Pi/Pico_SDK_v1.5.1/pico-sdk/src/rp2_common/hardware_irq/irq.c.obj
                0x1000170c                irq_set_pending
 .text.irq_get_vtable_handler
                0x1000171c       0x10 CMakeFiles/ds3231_clock.dir/C_/Program_Files/Raspberry_Pi/Pico_SDK_v1.5.1/pico-sdk/src/rp2_common/hardware_irq/irq.c.obj
                0x1000171c                irq_get_vtable_handler
 .text.irq_has_shared_handler
                0x1000172c       0x24 CMakeFiles/ds3231_clock.dir/C_/Program_Files/Raspberry_Pi/Pico_SDK_v1.5.1/pico-sdk/src/rp2_common/hardware_irq/irq.c.obj
                0x1000172c                irq_has_shared_handler
 .text.irq_set_exclusive_handler
                0x10001750       0x54 CMakeFiles/ds3231_clock.dir/C_/Program_Files/Raspberry_Pi/Pico_SDK_v1.5.1/pico-sdk/src/rp2_common/hardware_irq/irq.c.obj
                0x10001750                irq_set_exclusive_handler
 .text.irq_add_shared_handler
                0x100017a4      0x234 CMakeFiles/ds3231_clock.dir/C_/Program_Files/Raspberry_Pi/Pico_SDK_v1.5.1/pico-sdk/src/rp2_common/hardware_irq/irq.c.obj
                0x100017a4                irq_add_shared_handler
 .text.irq_remove_handler
                0x100019d8      0x1ac CMakeFiles/ds3231_clock.dir/C_/Program_Files/Raspberry_Pi/Pico_SDK_v1.5.1/pico-sdk/src/rp2_common/hardware_irq/irq.c.obj
                0x100019d8                irq_remove_handler
 .text.irq_add_tail_to_free_list
                0x10001b84       0xf0 CMakeFiles/ds3231_clock.dir/C_/Program_Files/Raspberry_Pi/Pico_SDK_v1.5.1/pico-sdk/src/rp2_common/hardware_irq/irq.c.obj
                0x10001b84                irq_add_tail_to_free_list
 .text.irq_init_priorities
                0x10001c74       0x1c CMakeFiles/ds3231_clock.dir/C_/Program_Files/Raspberry_Pi/Pico_SDK_v1.5.1/pico-sdk/src/rp2_common/hardware_irq/irq.c.obj
                0x10001c74                irq_init_priorities
 .text.user_irq_claim_unused
                0x10001c90       0x28 CMakeFiles/ds3231_clock.dir/C_/Program_Files/Raspberry_Pi/Pico_SDK_v1.5.1/pico-sdk/src/rp2_common/hardware_irq/irq.c.obj
                0x10001c90                user_irq_claim_unused
 .text.lock_init
                0x10001cb8       0x10 CMakeFiles/ds3231_clock.dir/C_/Program_Files/Raspberry_Pi/Pico_SDK_v1.5.1/pico-sdk/src/common/pico_sync/lock_core.c.obj
                0x10001cb8                lock_init
 .text.mutex_init
                0x10001cc8       0x1a CMakeFiles/ds3231_clock.dir/C_/Program_Files/Raspberry_Pi/Pico_SDK_v1.5.1/pico-sdk/src/common/pico_sync/mutex.c.obj
                0x10001cc8                mutex_init
 .text.recursive_mutex_init
                0x10001ce2       0x1e CMakeFiles/ds3231_clock.dir/C_/Program_Files/Raspberry_Pi/Pico_SDK_v1.5.1/pico-sdk/src/common/pico_sync/mutex.c.obj
                0x10001ce2                recursive_mutex_init
 .text.critical_section_init_with_lock_num
                0x10001d00       0x14 CMakeFiles/ds3231_clock.dir/C_/Program_Files/Raspberry_Pi/Pico_SDK_v1.5.1/pico-sdk/src/common/pico_sync/critical_section.c.obj
                0x10001d00                critical_section_init_with_lock_num
 .text.critical_section_init
                0x10001d14       0x14 CMakeFiles/ds3231_clock.dir/C_/Program_Files/Raspberry_Pi/Pico_SDK_v1.5.1/pico-sdk/src/common/pico_sync/critical_section.c.obj
                0x10001d14                critical_section_init
 .text.alarm_pool_post_alloc_init
                0x10001d28       0x40 CMakeFiles/ds3231_clock.dir/C_/Program_Files/Raspberry_Pi/Pico_SDK_v1.5.1/pico-sdk/src/common/pico_time/time.c.obj
 .text.sleep_until_callback
                0x10001d68       0x30 CMakeFiles/ds3231_clock.dir/C_/Program_Files/Raspberry_Pi/Pico_SDK_v1.5.1/pico-sdk/src/common/pico_time/time.c.obj
 .text.timer_pool_entry_comparator
                0x10001d98       0x7c CMakeFiles/ds3231_clock.dir/C_/Program_Files/Raspberry_Pi/Pico_SDK_v1.5.1/pico-sdk/src/common/pico_time/time.c.obj
                0x10001d98                timer_pool_entry_comparator
 .text.ph_add_child_node
                0x10001e14       0xa4 CMakeFiles/ds3231_clock.dir/C_/Program_Files/Raspberry_Pi/Pico_SDK_v1.5.1/pico-sdk/src/common/pico_time/time.c.obj
 .text.ph_merge_nodes
                0x10001eb8       0x3e CMakeFiles/ds3231_clock.dir/C_/Program_Files/Raspberry_Pi/Pico_SDK_v1.5.1/pico-sdk/src/common/pico_time/time.c.obj
 *fill*         0x10001ef6        0x2 
 .text.add_alarm_under_lock
                0x10001ef8      0x174 CMakeFiles/ds3231_clock.dir/C_/Program_Files/Raspberry_Pi/Pico_SDK_v1.5.1/pico-sdk/src/common/pico_time/time.c.obj
 .text.alarm_pool_alarm_callback
                0x1000206c      0x33c CMakeFiles/ds3231_clock.dir/C_/Program_Files/Raspberry_Pi/Pico_SDK_v1.5.1/pico-sdk/src/common/pico_time/time.c.obj
 .text.alarm_pool_init_default
                0x100023a8       0x40 CMakeFiles/ds3231_clock.dir/C_/Program_Files/Raspberry_Pi/Pico_SDK_v1.5.1/pico-sdk/src/common/pico_time/time.c.obj
                0x100023a8                alarm_pool_init_default
 .text.alarm_pool_get_default
                0x100023e8       0x2c CMakeFiles/ds3231_clock.dir/C_/Program_Files/Raspberry_Pi/Pico_SDK_v1.5.1/pico-sdk/src/common/pico_time/time.c.obj
                0x100023e8                alarm_pool_get_default
 .text.alarm_pool_add_alarm_at
                0x10002414      0x168 CMakeFiles/ds3231_clock.dir/C_/Program_Files/Raspberry_Pi/Pico_SDK_v1.5.1/pico-sdk/src/common/pico_time/time.c.obj
                0x10002414                alarm_pool_add_alarm_at
 .text.alarm_pool_cancel_alarm
                0x1000257c       0xf8 CMakeFiles/ds3231_clock.dir/C_/Program_Files/Raspberry_Pi/Pico_SDK_v1.5.1/pico-sdk/src/common/pico_time/time.c.obj
                0x1000257c                alarm_pool_cancel_alarm
 .text.alarm_pool_core_num
                0x10002674        0x4 CMakeFiles/ds3231_clock.dir/C_/Program_Files/Raspberry_Pi/Pico_SDK_v1.5.1/pico-sdk/src/common/pico_time/time.c.obj
                0x10002674                alarm_pool_core_num
 .text.sleep_until
                0x10002678       0xfc CMakeFiles/ds3231_clock.dir/C_/Program_Files/Raspberry_Pi/Pico_SDK_v1.5.1/pico-sdk/src/common/pico_time/time.c.obj
                0x10002678                sleep_until
 .text.sleep_us
                0x10002774       0x58 CMakeFiles/ds3231_clock.dir/C_/Program_Files/Raspberry_Pi/Pico_SDK_v1.5.1/pico-sdk/src/common/pico_time/time.c.obj
                0x10002774                sleep_us
 .text.sleep_ms
                0x100027cc       0x14 CMakeFiles/ds3231_clock.dir/C_/Program_Files/Raspberry_Pi/Pico_SDK_v1.5.1/pico-sdk/src/common/pico_time/time.c.obj
                0x100027cc                sleep_ms
 .text.best_effort_wfe_or_timeout
                0x100027e0       0xac CMakeFiles/ds3231_clock.dir/C_/Program_Files/Raspberry_Pi/Pico_SDK_v1.5.1/pico-sdk/src/common/pico_time/time.c.obj
                0x100027e0                best_effort_wfe_or_timeout
 .text.hardware_alarm_irq_handler
                0x1000288c       0x90 CMakeFiles/ds3231_clock.dir/C_/Program_Files/Raspberry_Pi/Pico_SDK_v1.5.1/pico-sdk/src/rp2_common/hardware_timer/timer.c.obj
 .text.hardware_alarm_claim
                0x1000291c       0x18 CMakeFiles/ds3231_clock.dir/C_/Program_Files/Raspberry_Pi/Pico_SDK_v1.5.1/pico-sdk/src/rp2_common/hardware_timer/timer.c.obj
                0x1000291c                hardware_alarm_claim
 .text.time_us_64
                0x10002934       0x18 CMakeFiles/ds3231_clock.dir/C_/Program_Files/Raspberry_Pi/Pico_SDK_v1.5.1/pico-sdk/src/rp2_common/hardware_timer/timer.c.obj
                0x10002934                time_us_64
 .text.busy_wait_until
                0x1000294c       0x28 CMakeFiles/ds3231_clock.dir/C_/Program_Files/Raspberry_Pi/Pico_SDK_v1.5.1/pico-sdk/src/rp2_common/hardware_timer/timer.c.obj
                0x1000294c                busy_wait_until
 .text.busy_wait_us
                0x10002974       0x48 CMakeFiles/ds3231_clock.dir/C_/Program_Files/Raspberry_Pi/Pico_SDK_v1.5.1/pico-sdk/src/rp2_common/hardware_timer/timer.c.obj
                0x10002974                busy_wait_us
 .text.hardware_alarm_set_callback
                0x100029bc       0x90 CMakeFiles/ds3231_clock.dir/C_/Program_Files/Raspberry_Pi/Pico_SDK_v1.5.1/pico-sdk/src/rp2_common/hardware_timer/timer.c.obj
                0x100029bc                hardware_alarm_set_callback
 .text.hardware_alarm_set_target
                0x10002a4c       0xe8 CMakeFiles/ds3231_clock.dir/C_/Program_Files/Raspberry_Pi/Pico_SDK_v1.5.1/pico-sdk/src/rp2_common/hardware_timer/timer.c.obj
                0x10002a4c                hardware_alarm_set_target
 .text.hardware_alarm_cancel
                0x10002b34       0x40 CMakeFiles/ds3231_clock.dir/C_/Program_Files/Raspberry_Pi/Pico_SDK_v1.5.1/pico-sdk/src/rp2_common/hardware_timer/timer.c.obj
                0x10002b34                hardware_alarm_cancel
 .text.ph_add_child_node
                0x10002b74       0xa4 CMakeFiles/ds3231_clock.dir/C_/Program_Files/Raspberry_Pi/Pico_SDK_v1.5.1/pico-sdk/src/common/pico_util/pheap.c.obj
 .text.ph_merge_nodes
                0x10002c18       0x3e CMakeFiles/ds3231_clock.dir/C_/Program_Files/Raspberry_Pi/Pico_SDK_v1.5.1/pico-sdk/src/common/pico_util/pheap.c.obj
 *fill*         0x10002c56        0x2 
 .text.ph_clear
                0x10002c58       0x70 CMakeFiles/ds3231_clock.dir/C_/Program_Files/Raspberry_Pi/Pico_SDK_v1.5.1/pico-sdk/src/common/pico_util/pheap.c.obj
                0x10002c58                ph_clear
 .text.ph_post_alloc_init
                0x10002cc8        0xe CMakeFiles/ds3231_clock.dir/C_/Program_Files/Raspberry_Pi/Pico_SDK_v1.5.1/pico-sdk/src/common/pico_util/pheap.c.obj
                0x10002cc8                ph_post_alloc_init
 *fill*         0x10002cd6        0x2 
 .text.ph_merge_two_pass
                0x10002cd8       0xa8 CMakeFiles/ds3231_clock.dir/C_/Program_Files/Raspberry_Pi/Pico_SDK_v1.5.1/pico-sdk/src/common/pico_util/pheap.c.obj
                0x10002cd8                ph_merge_two_pass
 .text.ph_remove_any_head
                0x10002d80      0x128 CMakeFiles/ds3231_clock.dir/C_/Program_Files/Raspberry_Pi/Pico_SDK_v1.5.1/pico-sdk/src/common/pico_util/pheap.c.obj
 .text.ph_remove_head
                0x10002ea8       0x14 CMakeFiles/ds3231_clock.dir/C_/Program_Files/Raspberry_Pi/Pico_SDK_v1.5.1/pico-sdk/src/common/pico_util/pheap.c.obj
                0x10002ea8                ph_remove_head
 .text.ph_remove_and_free_node
                0x10002ebc       0xf8 CMakeFiles/ds3231_clock.dir/C_/Program_Files/Raspberry_Pi/Pico_SDK_v1.5.1/pico-sdk/src/common/pico_util/pheap.c.obj
                0x10002ebc                ph_remove_and_free_node
 .text.uart_disable_before_lcr_write
                0x10002fb4       0x48 CMakeFiles/ds3231_clock.dir/C_/Program_Files/Raspberry_Pi/Pico_SDK_v1.5.1/pico-sdk/src/rp2_common/hardware_uart/uart.c.obj
 .text.uart_write_lcr_bits_masked
                0x10002ffc       0x22 CMakeFiles/ds3231_clock.dir/C_/Program_Files/Raspberry_Pi/Pico_SDK_v1.5.1/pico-sdk/src/rp2_common/hardware_uart/uart.c.obj
 *fill*         0x1000301e        0x2 
 .text.uart_set_baudrate
                0x10003020       0x5c CMakeFiles/ds3231_clock.dir/C_/Program_Files/Raspberry_Pi/Pico_SDK_v1.5.1/pico-sdk/src/rp2_common/hardware_uart/uart.c.obj
                0x10003020                uart_set_baudrate
 .text.uart_set_format
                0x1000307c       0x2c CMakeFiles/ds3231_clock.dir/C_/Program_Files/Raspberry_Pi/Pico_SDK_v1.5.1/pico-sdk/src/rp2_common/hardware_uart/uart.c.obj
                0x1000307c                uart_set_format
 .text.uart_set_translate_crlf
                0x100030a8       0x28 CMakeFiles/ds3231_clock.dir/C_/Program_Files/Raspberry_Pi/Pico_SDK_v1.5.1/pico-sdk/src/rp2_common/hardware_uart/uart.c.obj
                0x100030a8                uart_set_translate_crlf
 .text.uart_init
                0x100030d0       0x80 CMakeFiles/ds3231_clock.dir/C_/Program_Files/Raspberry_Pi/Pico_SDK_v1.5.1/pico-sdk/src/rp2_common/hardware_uart/uart.c.obj
                0x100030d0                uart_init
 .text.clock_configure
                0x10003150      0x108 CMakeFiles/ds3231_clock.dir/C_/Program_Files/Raspberry_Pi/Pico_SDK_v1.5.1/pico-sdk/src/rp2_common/hardware_clocks/clocks.c.obj
                0x10003150                clock_configure
 .text.clocks_init
                0x10003258      0x100 CMakeFiles/ds3231_clock.dir/C_/Program_Files/Raspberry_Pi/Pico_SDK_v1.5.1/pico-sdk/src/rp2_common/hardware_clocks/clocks.c.obj
                0x10003258                clocks_init
 .text.clock_get_hz
                0x10003358        0xc CMakeFiles/ds3231_clock.dir/C_/Program_Files/Raspberry_Pi/Pico_SDK_v1.5.1/pico-sdk/src/rp2_common/hardware_clocks/clocks.c.obj
                0x10003358                clock_get_hz
 .text.pll_init
                0x10003364      0x120 CMakeFiles/ds3231_clock.dir/C_/Program_Files/Raspberry_Pi/Pico_SDK_v1.5.1/pico-sdk/src/rp2_common/hardware_pll/pll.c.obj
                0x10003364                pll_init
 .text.watchdog_start_tick
                0x10003484       0x10 CMakeFiles/ds3231_clock.dir/C_/Program_Files/Raspberry_Pi/Pico_SDK_v1.5.1/pico-sdk/src/rp2_common/hardware_watchdog/watchdog.c.obj
                0x10003484                watchdog_start_tick
 .text.watchdog_update
                0x10003494       0x14 CMakeFiles/ds3231_clock.dir/C_/Program_Files/Raspberry_Pi/Pico_SDK_v1.5.1/pico-sdk/src/rp2_common/hardware_watchdog/watchdog.c.obj
                0x10003494                watchdog_update
 .text._watchdog_enable
                0x100034a8       0x78 CMakeFiles/ds3231_clock.dir/C_/Program_Files/Raspberry_Pi/Pico_SDK_v1.5.1/pico-sdk/src/rp2_common/hardware_watchdog/watchdog.c.obj
                0x100034a8                _watchdog_enable
 .text.watchdog_reboot
                0x10003520       0x48 CMakeFiles/ds3231_clock.dir/C_/Program_Files/Raspberry_Pi/Pico_SDK_v1.5.1/pico-sdk/src/rp2_common/hardware_watchdog/watchdog.c.obj
                0x10003520                watchdog_reboot
 .text.xosc_init
                0x10003568       0x28 CMakeFiles/ds3231_clock.dir/C_/Program_Files/Raspberry_Pi/Pico_SDK_v1.5.1/pico-sdk/src/rp2_common/hardware_xosc/xosc.c.obj
                0x10003568                xosc_init
 .text._exit    0x10003590        0x4 CMakeFiles/ds3231_clock.dir/C_/Program_Files/Raspberry_Pi/Pico_SDK_v1.5.1/pico-sdk/src/rp2_common/pico_runtime/runtime.c.obj
                0x10003590                _exit
 .text._sbrk    0x10003594       0x38 CMakeFiles/ds3231_clock.dir/C_/Program_Files/Raspberry_Pi/Pico_SDK_v1.5.1/pico-sdk/src/rp2_common/pico_runtime/runtime.c.obj
                0x10003594                _sbrk
 .text.exit     0x100035cc        0x6 CMakeFiles/ds3231_clock.dir/C_/Program_Files/Raspberry_Pi/Pico_SDK_v1.5.1/pico-sdk/src/rp2_common/pico_runtime/runtime.c.obj
                0x100035cc                exit
 *fill*         0x100035d2        0x2 
 .text.__assert_func
                0x100035d4       0x3c CMakeFiles/ds3231_clock.dir/C_/Program_Files/Raspberry_Pi/Pico_SDK_v1.5.1/pico-sdk/src/rp2_common/pico_runtime/runtime.c.obj
                0x100035d4                __assert_func
 .text.runtime_init
                0x10003610       0xf8 CMakeFiles/ds3231_clock.dir/C_/Program_Files/Raspberry_Pi/Pico_SDK_v1.5.1/pico-sdk/src/rp2_common/pico_runtime/runtime.c.obj
                0x10003610                runtime_init
 .text.panic    0x10003708       0x30 CMakeFiles/ds3231_clock.dir/C_/Program_Files/Raspberry_Pi/Pico_SDK_v1.5.1/pico-sdk/src/rp2_common/pico_runtime/runtime.c.obj
                0x10003708                panic
 .text._out_buffer
                0x10003738        0x8 CMakeFiles/ds3231_clock.dir/C_/Program_Files/Raspberry_Pi/Pico_SDK_v1.5.1/pico-sdk/src/rp2_common/pico_printf/printf.c.obj
 .text._out_null
                0x10003740        0x2 CMakeFiles/ds3231_clock.dir/C_/Program_Files/Raspberry_Pi/Pico_SDK_v1.5.1/pico-sdk/src/rp2_common/pico_printf/printf.c.obj
 .text._out_fct
                0x10003742        0xe CMakeFiles/ds3231_clock.dir/C_/Program_Files/Raspberry_Pi/Pico_SDK_v1.5.1/pico-sdk/src/rp2_common/pico_printf/printf.c.obj
 .text._atoi    0x10003750       0x24 CMakeFiles/ds3231_clock.dir/C_/Program_Files/Raspberry_Pi/Pico_SDK_v1.5.1/pico-sdk/src/rp2_common/pico_printf/printf.c.obj
 .text._out_rev
                0x10003774       0xae CMakeFiles/ds3231_clock.dir/C_/Program_Files/Raspberry_Pi/Pico_SDK_v1.5.1/pico-sdk/src/rp2_common/pico_printf/printf.c.obj
 .text._ntoa_format
                0x10003822      0x112 CMakeFiles/ds3231_clock.dir/C_/Program_Files/Raspberry_Pi/Pico_SDK_v1.5.1/pico-sdk/src/rp2_common/pico_printf/printf.c.obj
 .text._ntoa_long
                0x10003934       0xbc CMakeFiles/ds3231_clock.dir/C_/Program_Files/Raspberry_Pi/Pico_SDK_v1.5.1/pico-sdk/src/rp2_common/pico_printf/printf.c.obj
 .text._ntoa_long_long
                0x100039f0       0xe2 CMakeFiles/ds3231_clock.dir/C_/Program_Files/Raspberry_Pi/Pico_SDK_v1.5.1/pico-sdk/src/rp2_common/pico_printf/printf.c.obj
 *fill*         0x10003ad2        0x2 
 .text._etoa    0x10003ad4      0x414 CMakeFiles/ds3231_clock.dir/C_/Program_Files/Raspberry_Pi/Pico_SDK_v1.5.1/pico-sdk/src/rp2_common/pico_printf/printf.c.obj
 .text._ftoa    0x10003ee8      0x354 CMakeFiles/ds3231_clock.dir/C_/Program_Files/Raspberry_Pi/Pico_SDK_v1.5.1/pico-sdk/src/rp2_common/pico_printf/printf.c.obj
 .text._vsnprintf
                0x1000423c      0x624 CMakeFiles/ds3231_clock.dir/C_/Program_Files/Raspberry_Pi/Pico_SDK_v1.5.1/pico-sdk/src/rp2_common/pico_printf/printf.c.obj
 .text.__wrap_snprintf
                0x10004860       0x28 CMakeFiles/ds3231_clock.dir/C_/Program_Files/Raspberry_Pi/Pico_SDK_v1.5.1/pico-sdk/src/rp2_common/pico_printf/printf.c.obj
                0x10004860                __wrap_snprintf
 .text.vfctprintf
                0x10004888       0x20 CMakeFiles/ds3231_clock.dir/C_/Program_Files/Raspberry_Pi/Pico_SDK_v1.5.1/pico-sdk/src/rp2_common/pico_printf/printf.c.obj
                0x10004888                vfctprintf
 .text          0x100048a8       0x10 CMakeFiles/ds3231_clock.dir/C_/Program_Files/Raspberry_Pi/Pico_SDK_v1.5.1/pico-sdk/src/rp2_common/pico_bit_ops/bit_ops_aeabi.S.obj
 .text.rom_func_lookup
                0x100048b8       0x10 CMakeFiles/ds3231_clock.dir/C_/Program_Files/Raspberry_Pi/Pico_SDK_v1.5.1/pico-sdk/src/rp2_common/pico_bootrom/bootrom.c.obj
                0x100048b8                rom_func_lookup
 .text.rom_data_lookup
                0x100048c8       0x10 CMakeFiles/ds3231_clock.dir/C_/Program_Files/Raspberry_Pi/Pico_SDK_v1.5.1/pico-sdk/src/rp2_common/pico_bootrom/bootrom.c.obj
                0x100048c8                rom_data_lookup
 .text.rom_funcs_lookup
                0x100048d8       0x36 CMakeFiles/ds3231_clock.dir/C_/Program_Files/Raspberry_Pi/Pico_SDK_v1.5.1/pico-sdk/src/rp2_common/pico_bootrom/bootrom.c.obj
                0x100048d8                rom_funcs_lookup
 *fill*         0x1000490e        0x2 
 .text.__wrap___aeabi_idiv
                0x10004910       0x50 CMakeFiles/ds3231_clock.dir/C_/Program_Files/Raspberry_Pi/Pico_SDK_v1.5.1/pico-sdk/src/rp2_common/pico_divider/divider.S.obj
                0x10004910                __wrap___aeabi_idivmod
                0x10004910                divmod_s32s32
                0x10004910                div_s32s32
                0x10004910                __wrap___aeabi_idiv
                0x10004918                divmod_s32s32_unsafe
                0x10004944                divmod_s32s32_savestate
 .text.__wrap___aeabi_uidiv
                0x10004960       0x4c CMakeFiles/ds3231_clock.dir/C_/Program_Files/Raspberry_Pi/Pico_SDK_v1.5.1/pico-sdk/src/rp2_common/pico_divider/divider.S.obj
                0x10004960                __wrap___aeabi_uidiv
                0x10004960                __wrap___aeabi_uidivmod
                0x10004960                div_u32u32
                0x10004960                divmod_u32u32
                0x10004968                divmod_u32u32_unsafe
                0x10004990                divmod_u32u32_savestate
 .text.__wrap___aeabi_ldiv
                0x100049ac      0x424 CMakeFiles/ds3231_clock.dir/C_/Program_Files/Raspberry_Pi/Pico_SDK_v1.5.1/pico-sdk/src/rp2_common/pico_divider/divider.S.obj
                0x100049ac                div_s64s64
                0x100049ac                divmod_s64s64
                0x100049ac                __wrap___aeabi_ldivmod
                0x100049dc                divmod_u64u64
                0x100049dc                div_u64u64
                0x100049dc                __wrap___aeabi_uldivmod
                0x100049ec                divmod_u64u64_savestate
                0x10004a0c                divmod_s64s64_unsafe
                0x10004a94                divmod_u64u64_unsafe
 .text.__wrap___aeabi_darithmetic
                0x10004dd0       0x80 CMakeFiles/ds3231_clock.dir/C_/Program_Files/Raspberry_Pi/Pico_SDK_v1.5.1/pico-sdk/src/rp2_common/pico_double/double_aeabi.S.obj
                0x10004dd0                __wrap___aeabi_drsub
                0x10004dd6                __wrap___aeabi_dsub
                0x10004de8                __wrap___aeabi_dadd
                0x10004dfa                __wrap___aeabi_ddiv
                0x10004e36                __wrap___aeabi_dmul
 .text.__wrap___aeabi_cdcmple
                0x10004e50       0x6c CMakeFiles/ds3231_clock.dir/C_/Program_Files/Raspberry_Pi/Pico_SDK_v1.5.1/pico-sdk/src/rp2_common/pico_double/double_aeabi.S.obj
                0x10004e50                __wrap___aeabi_cdrcmple
                0x10004e60                __wrap___aeabi_cdcmpeq
                0x10004e60                __wrap___aeabi_cdcmple
 .text.__wrap___aeabi_dcmplt
                0x10004ebc        0xc CMakeFiles/ds3231_clock.dir/C_/Program_Files/Raspberry_Pi/Pico_SDK_v1.5.1/pico-sdk/src/rp2_common/pico_double/double_aeabi.S.obj
                0x10004ebc                __wrap___aeabi_dcmplt
 .text.__wrap___aeabi_dcmple
                0x10004ec8       0x10 CMakeFiles/ds3231_clock.dir/C_/Program_Files/Raspberry_Pi/Pico_SDK_v1.5.1/pico-sdk/src/rp2_common/pico_double/double_aeabi.S.obj
                0x10004ec8                __wrap___aeabi_dcmple
 .text.__wrap___aeabi_dcmpge
                0x10004ed8       0x10 CMakeFiles/ds3231_clock.dir/C_/Program_Files/Raspberry_Pi/Pico_SDK_v1.5.1/pico-sdk/src/rp2_common/pico_double/double_aeabi.S.obj
                0x10004ed8                __wrap___aeabi_dcmpge
 .text.__wrap___aeabi_dcmpgt
                0x10004ee8        0xa CMakeFiles/ds3231_clock.dir/C_/Program_Files/Raspberry_Pi/Pico_SDK_v1.5.1/pico-sdk/src/rp2_common/pico_double/double_aeabi.S.obj
                0x10004ee8                __wrap___aeabi_dcmpgt
 .text.__wrap___aeabi_dcmpun
                0x10004ef2       0x1c CMakeFiles/ds3231_clock.dir/C_/Program_Files/Raspberry_Pi/Pico_SDK_v1.5.1/pico-sdk/src/rp2_common/pico_double/double_aeabi.S.obj
                0x10004ef2                __wrap___aeabi_dcmpun
 *fill*         0x10004f0e        0x2 
 .text.__wrap___aeabi_i2d
                0x10004f10       0x38 CMakeFiles/ds3231_clock.dir/C_/Program_Files/Raspberry_Pi/Pico_SDK_v1.5.1/pico-sdk/src/rp2_common/pico_double/double_aeabi.S.obj
                0x10004f10                __wrap___aeabi_ui2d
                0x10004f18                __wrap___aeabi_i2d
 .text.__wrap___aeabi_d2iz
                0x10004f48       0x48 CMakeFiles/ds3231_clock.dir/C_/Program_Files/Raspberry_Pi/Pico_SDK_v1.5.1/pico-sdk/src/rp2_common/pico_double/double_aeabi.S.obj
                0x10004f48                double2int_z
                0x10004f48                __wrap___aeabi_d2iz
 .text.__wrap___aeabi_d2uiz
                0x10004f90       0x18 CMakeFiles/ds3231_clock.dir/C_/Program_Files/Raspberry_Pi/Pico_SDK_v1.5.1/pico-sdk/src/rp2_common/pico_double/double_aeabi.S.obj
                0x10004f90                __wrap___aeabi_d2uiz
                0x10004f90                double2uint
 .text.__aeabi_double_init
                0x10004fa8       0xc8 CMakeFiles/ds3231_clock.dir/C_/Program_Files/Raspberry_Pi/Pico_SDK_v1.5.1/pico-sdk/src/rp2_common/pico_double/double_init_rom.c.obj
                0x10004fa8                __aeabi_double_init
 .text.double_table_shim_on_use_helper
                0x10005070       0x34 CMakeFiles/ds3231_clock.dir/C_/Program_Files/Raspberry_Pi/Pico_SDK_v1.5.1/pico-sdk/src/rp2_common/pico_double/double_v1_rom_shim.S.obj
                0x10005070                double_table_shim_on_use_helper
 .text.__wrap___aeabi_dsub
                0x100050a4       0x10 CMakeFiles/ds3231_clock.dir/C_/Program_Files/Raspberry_Pi/Pico_SDK_v1.5.1/pico-sdk/src/rp2_common/pico_double/double_v1_rom_shim.S.obj
                0x100050a4                drsub_shim
                0x100050aa                dsub_shim
 .text.dadd_shim
                0x100050b4      0x15c CMakeFiles/ds3231_clock.dir/C_/Program_Files/Raspberry_Pi/Pico_SDK_v1.5.1/pico-sdk/src/rp2_common/pico_double/double_v1_rom_shim.S.obj
                0x100050b4                dadd_shim
 .text.dmul_shim
                0x10005210      0x15c CMakeFiles/ds3231_clock.dir/C_/Program_Files/Raspberry_Pi/Pico_SDK_v1.5.1/pico-sdk/src/rp2_common/pico_double/double_v1_rom_shim.S.obj
                0x10005210                dmul_shim
 .text.ddiv_shim
                0x1000536c      0x1b0 CMakeFiles/ds3231_clock.dir/C_/Program_Files/Raspberry_Pi/Pico_SDK_v1.5.1/pico-sdk/src/rp2_common/pico_double/double_v1_rom_shim.S.obj
                0x1000536c                ddiv_shim
 .text.double2uint_shim
                0x1000551c        0xe CMakeFiles/ds3231_clock.dir/C_/Program_Files/Raspberry_Pi/Pico_SDK_v1.5.1/pico-sdk/src/rp2_common/pico_double/double_v1_rom_shim.S.obj
                0x1000551c                double2uint_shim
                0x1000551e                double2ufix_shim
 *fill*         0x1000552a        0x2 
 .text.double2uint64_shim
                0x1000552c       0x70 CMakeFiles/ds3231_clock.dir/C_/Program_Files/Raspberry_Pi/Pico_SDK_v1.5.1/pico-sdk/src/rp2_common/pico_double/double_v1_rom_shim.S.obj
                0x1000552c                double2uint64_shim
                0x1000552e                double2ufix64_shim
                0x1000554e                d2fix_a
 .text.dunpacks
                0x1000559c       0x3c CMakeFiles/ds3231_clock.dir/C_/Program_Files/Raspberry_Pi/Pico_SDK_v1.5.1/pico-sdk/src/rp2_common/pico_double/double_v1_rom_shim.S.obj
                0x1000559c                dunpacks
 .text.__aeabi_lmul
                0x100055d8       0x32 CMakeFiles/ds3231_clock.dir/C_/Program_Files/Raspberry_Pi/Pico_SDK_v1.5.1/pico-sdk/src/rp2_common/pico_int64_ops/pico_int64_ops_aeabi.S.obj
                0x100055d8                __wrap___aeabi_lmul
 *fill*         0x1000560a        0x2 
 .text.__wrap___aeabi_farithmetic
                0x1000560c       0x58 CMakeFiles/ds3231_clock.dir/C_/Program_Files/Raspberry_Pi/Pico_SDK_v1.5.1/pico-sdk/src/rp2_common/pico_float/float_aeabi.S.obj
                0x1000560c                __wrap___aeabi_frsub
                0x10005612                __wrap___aeabi_fsub
                0x1000561c                __wrap___aeabi_fadd
                0x10005626                __wrap___aeabi_fdiv
                0x10005652                __wrap___aeabi_fmul
 .text.__wrap___aeabi_i2f
                0x10005664       0x44 CMakeFiles/ds3231_clock.dir/C_/Program_Files/Raspberry_Pi/Pico_SDK_v1.5.1/pico-sdk/src/rp2_common/pico_float/float_aeabi.S.obj
                0x10005664                __wrap___aeabi_i2f
 .text.__wrap___aeabi_f2d
                0x100056a8       0x14 CMakeFiles/ds3231_clock.dir/C_/Program_Files/Raspberry_Pi/Pico_SDK_v1.5.1/pico-sdk/src/rp2_common/pico_float/float_aeabi.S.obj
                0x100056a8                __wrap___aeabi_f2d
 .text.__aeabi_float_init
                0x100056bc       0xfc CMakeFiles/ds3231_clock.dir/C_/Program_Files/Raspberry_Pi/Pico_SDK_v1.5.1/pico-sdk/src/rp2_common/pico_float/float_init_rom.c.obj
                0x100056bc                __aeabi_float_init
 .text.float_table_shim_on_use_helper
                0x100057b8       0x34 CMakeFiles/ds3231_clock.dir/C_/Program_Files/Raspberry_Pi/Pico_SDK_v1.5.1/pico-sdk/src/rp2_common/pico_float/float_v1_rom_shim.S.obj
                0x100057b8                float_table_shim_on_use_helper
 .text.float2double_shim
                0x100057ec       0x30 CMakeFiles/ds3231_clock.dir/C_/Program_Files/Raspberry_Pi/Pico_SDK_v1.5.1/pico-sdk/src/rp2_common/pico_float/float_v1_rom_shim.S.obj
                0x100057ec                float2double_shim
 .text.__wrap_malloc
                0x1000581c       0x24 CMakeFiles/ds3231_clock.dir/C_/Program_Files/Raspberry_Pi/Pico_SDK_v1.5.1/pico-sdk/src/rp2_common/pico_malloc/pico_malloc.c.obj
                0x1000581c                __wrap_malloc
 .text.__wrap_free
                0x10005840        0x8 CMakeFiles/ds3231_clock.dir/C_/Program_Files/Raspberry_Pi/Pico_SDK_v1.5.1/pico-sdk/src/rp2_common/pico_malloc/pico_malloc.c.obj
                0x10005840                __wrap_free
 .text          0x10005848       0x10 CMakeFiles/ds3231_clock.dir/C_/Program_Files/Raspberry_Pi/Pico_SDK_v1.5.1/pico-sdk/src/rp2_common/pico_mem_ops/mem_ops_aeabi.S.obj
                0x10005848                __aeabi_mem_init
 .text.memset   0x10005858        0xc CMakeFiles/ds3231_clock.dir/C_/Program_Files/Raspberry_Pi/Pico_SDK_v1.5.1/pico-sdk/src/rp2_common/pico_mem_ops/mem_ops_aeabi.S.obj
                0x10005858                __wrap_memset
 .text.memcpy   0x10005864        0xc CMakeFiles/ds3231_clock.dir/C_/Program_Files/Raspberry_Pi/Pico_SDK_v1.5.1/pico-sdk/src/rp2_common/pico_mem_ops/mem_ops_aeabi.S.obj
                0x10005864                __wrap_memcpy
                0x10005864                __wrap___aeabi_memcpy
 .text.stdio_out_chars_no_crlf
                0x10005870        0xe CMakeFiles/ds3231_clock.dir/C_/Program_Files/Raspberry_Pi/Pico_SDK_v1.5.1/pico-sdk/src/rp2_common/pico_stdio/stdio.c.obj
 *fill*         0x1000587e        0x2 
 .text.stdio_out_chars_crlf
                0x10005880       0x80 CMakeFiles/ds3231_clock.dir/C_/Program_Files/Raspberry_Pi/Pico_SDK_v1.5.1/pico-sdk/src/rp2_common/pico_stdio/stdio.c.obj
 .text.stdio_stack_buffer_flush
                0x10005900       0x44 CMakeFiles/ds3231_clock.dir/C_/Program_Files/Raspberry_Pi/Pico_SDK_v1.5.1/pico-sdk/src/rp2_common/pico_stdio/stdio.c.obj
 .text.stdio_buffered_printer
                0x10005944       0x20 CMakeFiles/ds3231_clock.dir/C_/Program_Files/Raspberry_Pi/Pico_SDK_v1.5.1/pico-sdk/src/rp2_common/pico_stdio/stdio.c.obj
 .text.stdout_serialize_begin
                0x10005964       0x5c CMakeFiles/ds3231_clock.dir/C_/Program_Files/Raspberry_Pi/Pico_SDK_v1.5.1/pico-sdk/src/rp2_common/pico_stdio/stdio.c.obj
                0x10005964                stdout_serialize_begin
 .text.stdout_serialize_end
                0x100059c0       0x10 CMakeFiles/ds3231_clock.dir/C_/Program_Files/Raspberry_Pi/Pico_SDK_v1.5.1/pico-sdk/src/rp2_common/pico_stdio/stdio.c.obj
                0x100059c0                stdout_serialize_end
 .text.stdio_put_string
                0x100059d0       0x98 CMakeFiles/ds3231_clock.dir/C_/Program_Files/Raspberry_Pi/Pico_SDK_v1.5.1/pico-sdk/src/rp2_common/pico_stdio/stdio.c.obj
 .text.__wrap_putchar
                0x10005a68       0x1c CMakeFiles/ds3231_clock.dir/C_/Program_Files/Raspberry_Pi/Pico_SDK_v1.5.1/pico-sdk/src/rp2_common/pico_stdio/stdio.c.obj
                0x10005a68                __wrap_putchar
 .text.stdio_set_driver_enabled
                0x10005a84       0x2c CMakeFiles/ds3231_clock.dir/C_/Program_Files/Raspberry_Pi/Pico_SDK_v1.5.1/pico-sdk/src/rp2_common/pico_stdio/stdio.c.obj
                0x10005a84                stdio_set_driver_enabled
 .text.stdio_flush
                0x10005ab0       0x20 CMakeFiles/ds3231_clock.dir/C_/Program_Files/Raspberry_Pi/Pico_SDK_v1.5.1/pico-sdk/src/rp2_common/pico_stdio/stdio.c.obj
                0x10005ab0                stdio_flush
 .text.__wrap_puts
                0x10005ad0       0x1e CMakeFiles/ds3231_clock.dir/C_/Program_Files/Raspberry_Pi/Pico_SDK_v1.5.1/pico-sdk/src/rp2_common/pico_stdio/stdio.c.obj
                0x10005ad0                __wrap_puts
 *fill*         0x10005aee        0x2 
 .text.__wrap_vprintf
                0x10005af0       0x40 CMakeFiles/ds3231_clock.dir/C_/Program_Files/Raspberry_Pi/Pico_SDK_v1.5.1/pico-sdk/src/rp2_common/pico_stdio/stdio.c.obj
                0x10005af0                __wrap_vprintf
 .text.__wrap_printf
                0x10005b30       0x18 CMakeFiles/ds3231_clock.dir/C_/Program_Files/Raspberry_Pi/Pico_SDK_v1.5.1/pico-sdk/src/rp2_common/pico_stdio/stdio.c.obj
                0x10005b30                __wrap_printf
 .text.stdio_init_all
                0x10005b48        0xe CMakeFiles/ds3231_clock.dir/C_/Program_Files/Raspberry_Pi/Pico_SDK_v1.5.1/pico-sdk/src/rp2_common/pico_stdio/stdio.c.obj
                0x10005b48                stdio_init_all
 *fill*         0x10005b56        0x2 
 .text.stdio_uart_out_chars
                0x10005b58       0x74 CMakeFiles/ds3231_clock.dir/C_/Program_Files/Raspberry_Pi/Pico_SDK_v1.5.1/pico-sdk/src/rp2_common/pico_stdio_uart/stdio_uart.c.obj
 .text.stdio_uart_in_chars
                0x10005bcc       0x80 CMakeFiles/ds3231_clock.dir/C_/Program_Files/Raspberry_Pi/Pico_SDK_v1.5.1/pico-sdk/src/rp2_common/pico_stdio_uart/stdio_uart.c.obj
                0x10005bcc                stdio_uart_in_chars
 .text.on_uart_rx
                0x10005c4c       0x28 CMakeFiles/ds3231_clock.dir/C_/Program_Files/Raspberry_Pi/Pico_SDK_v1.5.1/pico-sdk/src/rp2_common/pico_stdio_uart/stdio_uart.c.obj
 .text.stdio_uart_set_chars_available_callback
                0x10005c74       0x8c CMakeFiles/ds3231_clock.dir/C_/Program_Files/Raspberry_Pi/Pico_SDK_v1.5.1/pico-sdk/src/rp2_common/pico_stdio_uart/stdio_uart.c.obj
 .text.stdio_uart_init_full
                0x10005d00       0x44 CMakeFiles/ds3231_clock.dir/C_/Program_Files/Raspberry_Pi/Pico_SDK_v1.5.1/pico-sdk/src/rp2_common/pico_stdio_uart/stdio_uart.c.obj
                0x10005d00                stdio_uart_init_full
 .text.stdio_uart_init
                0x10005d44       0x28 CMakeFiles/ds3231_clock.dir/C_/Program_Files/Raspberry_Pi/Pico_SDK_v1.5.1/pico-sdk/src/rp2_common/pico_stdio_uart/stdio_uart.c.obj
                0x10005d44                stdio_uart_init
 .text.resetd_init
                0x10005d6c        0x2 CMakeFiles/ds3231_clock.dir/C_/Program_Files/Raspberry_Pi/Pico_SDK_v1.5.1/pico-sdk/src/rp2_common/pico_stdio_usb/reset_interface.c.obj
 *fill*         0x10005d6e        0x2 
 .text.resetd_reset
                0x10005d70        0xc CMakeFiles/ds3231_clock.dir/C_/Program_Files/Raspberry_Pi/Pico_SDK_v1.5.1/pico-sdk/src/rp2_common/pico_stdio_usb/reset_interface.c.obj
 .text.resetd_open
                0x10005d7c       0x34 CMakeFiles/ds3231_clock.dir/C_/Program_Files/Raspberry_Pi/Pico_SDK_v1.5.1/pico-sdk/src/rp2_common/pico_stdio_usb/reset_interface.c.obj
 .text.resetd_xfer_cb
                0x10005db0        0x4 CMakeFiles/ds3231_clock.dir/C_/Program_Files/Raspberry_Pi/Pico_SDK_v1.5.1/pico-sdk/src/rp2_common/pico_stdio_usb/reset_interface.c.obj
 .text.reset_usb_boot
                0x10005db4       0x18 CMakeFiles/ds3231_clock.dir/C_/Program_Files/Raspberry_Pi/Pico_SDK_v1.5.1/pico-sdk/src/rp2_common/pico_stdio_usb/reset_interface.c.obj
 .text.resetd_control_xfer_cb
                0x10005dcc       0x5c CMakeFiles/ds3231_clock.dir/C_/Program_Files/Raspberry_Pi/Pico_SDK_v1.5.1/pico-sdk/src/rp2_common/pico_stdio_usb/reset_interface.c.obj
 .text.usbd_app_driver_get_cb
                0x10005e28        0xc CMakeFiles/ds3231_clock.dir/C_/Program_Files/Raspberry_Pi/Pico_SDK_v1.5.1/pico-sdk/src/rp2_common/pico_stdio_usb/reset_interface.c.obj
                0x10005e28                usbd_app_driver_get_cb
 .text.tud_cdc_line_coding_cb
                0x10005e34       0x28 CMakeFiles/ds3231_clock.dir/C_/Program_Files/Raspberry_Pi/Pico_SDK_v1.5.1/pico-sdk/src/rp2_common/pico_stdio_usb/reset_interface.c.obj
                0x10005e34                tud_cdc_line_coding_cb
 .text.stdio_usb_set_chars_available_callback
                0x10005e5c       0x14 CMakeFiles/ds3231_clock.dir/C_/Program_Files/Raspberry_Pi/Pico_SDK_v1.5.1/pico-sdk/src/rp2_common/pico_stdio_usb/stdio_usb.c.obj
                0x10005e5c                stdio_usb_set_chars_available_callback
 .text.usb_irq  0x10005e70       0x10 CMakeFiles/ds3231_clock.dir/C_/Program_Files/Raspberry_Pi/Pico_SDK_v1.5.1/pico-sdk/src/rp2_common/pico_stdio_usb/stdio_usb.c.obj
 .text.timer_task
                0x10005e80       0x5c CMakeFiles/ds3231_clock.dir/C_/Program_Files/Raspberry_Pi/Pico_SDK_v1.5.1/pico-sdk/src/rp2_common/pico_stdio_usb/stdio_usb.c.obj
 .text.low_priority_worker_irq
                0x10005edc       0xdc CMakeFiles/ds3231_clock.dir/C_/Program_Files/Raspberry_Pi/Pico_SDK_v1.5.1/pico-sdk/src/rp2_common/pico_stdio_usb/stdio_usb.c.obj
 .text.tud_cdc_rx_cb
                0x10005fb8       0x20 CMakeFiles/ds3231_clock.dir/C_/Program_Files/Raspberry_Pi/Pico_SDK_v1.5.1/pico-sdk/src/rp2_common/pico_stdio_usb/stdio_usb.c.obj
                0x10005fb8                tud_cdc_rx_cb
 .text.stdio_usb_init
                0x10005fd8      0x11c CMakeFiles/ds3231_clock.dir/C_/Program_Files/Raspberry_Pi/Pico_SDK_v1.5.1/pico-sdk/src/rp2_common/pico_stdio_usb/stdio_usb.c.obj
                0x10005fd8                stdio_usb_init
 .text.stdio_usb_connected
                0x100060f4        0xa CMakeFiles/ds3231_clock.dir/C_/Program_Files/Raspberry_Pi/Pico_SDK_v1.5.1/pico-sdk/src/rp2_common/pico_stdio_usb/stdio_usb.c.obj
                0x100060f4                stdio_usb_connected
 *fill*         0x100060fe        0x2 
 .text.stdio_usb_in_chars
                0x10006100       0xc4 CMakeFiles/ds3231_clock.dir/C_/Program_Files/Raspberry_Pi/Pico_SDK_v1.5.1/pico-sdk/src/rp2_common/pico_stdio_usb/stdio_usb.c.obj
                0x10006100                stdio_usb_in_chars
 .text.stdio_usb_out_chars
                0x100061c4      0x114 CMakeFiles/ds3231_clock.dir/C_/Program_Files/Raspberry_Pi/Pico_SDK_v1.5.1/pico-sdk/src/rp2_common/pico_stdio_usb/stdio_usb.c.obj
 .text.tud_descriptor_device_cb
                0x100062d8        0x8 CMakeFiles/ds3231_clock.dir/C_/Program_Files/Raspberry_Pi/Pico_SDK_v1.5.1/pico-sdk/src/rp2_common/pico_stdio_usb/stdio_usb_descriptors.c.obj
                0x100062d8                tud_descriptor_device_cb
 .text.tud_descriptor_configuration_cb
                0x100062e0        0x8 CMakeFiles/ds3231_clock.dir/C_/Program_Files/Raspberry_Pi/Pico_SDK_v1.5.1/pico-sdk/src/rp2_common/pico_stdio_usb/stdio_usb_descriptors.c.obj
                0x100062e0                tud_descriptor_configuration_cb
 .text.tud_descriptor_string_cb
                0x100062e8       0x6c CMakeFiles/ds3231_clock.dir/C_/Program_Files/Raspberry_Pi/Pico_SDK_v1.5.1/pico-sdk/src/rp2_common/pico_stdio_usb/stdio_usb_descriptors.c.obj
                0x100062e8                tud_descriptor_string_cb
 .text._retrieve_unique_id_on_boot
                0x10006354       0x10 CMakeFiles/ds3231_clock.dir/C_/Program_Files/Raspberry_Pi/Pico_SDK_v1.5.1/pico-sdk/src/rp2_common/pico_unique_id/unique_id.c.obj
 .text.pico_get_unique_board_id_string
                0x10006364       0x60 CMakeFiles/ds3231_clock.dir/C_/Program_Files/Raspberry_Pi/Pico_SDK_v1.5.1/pico-sdk/src/rp2_common/pico_unique_id/unique_id.c.obj
                0x10006364                pico_get_unique_board_id_string
 .text.flash_get_unique_id
                0x100063c4       0x46 CMakeFiles/ds3231_clock.dir/C_/Program_Files/Raspberry_Pi/Pico_SDK_v1.5.1/pico-sdk/src/rp2_common/hardware_flash/flash.c.obj
                0x100063c4                flash_get_unique_id
 *fill*         0x1000640a        0x2 
 .text.hw_endpoint_get_by_addr
                0x1000640c       0x18 CMakeFiles/ds3231_clock.dir/C_/Program_Files/Raspberry_Pi/Pico_SDK_v1.5.1/pico-sdk/lib/tinyusb/src/portable/raspberrypi/rp2040/dcd_rp2040.c.obj
 .text._hw_endpoint_alloc
                0x10006424       0x70 CMakeFiles/ds3231_clock.dir/C_/Program_Files/Raspberry_Pi/Pico_SDK_v1.5.1/pico-sdk/lib/tinyusb/src/portable/raspberrypi/rp2040/dcd_rp2040.c.obj
 .text.hw_endpoint_init
                0x10006494       0x88 CMakeFiles/ds3231_clock.dir/C_/Program_Files/Raspberry_Pi/Pico_SDK_v1.5.1/pico-sdk/lib/tinyusb/src/portable/raspberrypi/rp2040/dcd_rp2040.c.obj
 .text.hw_endpoint_xfer
                0x1000651c       0x14 CMakeFiles/ds3231_clock.dir/C_/Program_Files/Raspberry_Pi/Pico_SDK_v1.5.1/pico-sdk/lib/tinyusb/src/portable/raspberrypi/rp2040/dcd_rp2040.c.obj
 .text.dcd_int_enable
                0x10006530       0x2c CMakeFiles/ds3231_clock.dir/C_/Program_Files/Raspberry_Pi/Pico_SDK_v1.5.1/pico-sdk/lib/tinyusb/src/portable/raspberrypi/rp2040/dcd_rp2040.c.obj
                0x10006530                dcd_int_enable
 .text.dcd_set_address
                0x1000655c       0x2c CMakeFiles/ds3231_clock.dir/C_/Program_Files/Raspberry_Pi/Pico_SDK_v1.5.1/pico-sdk/lib/tinyusb/src/portable/raspberrypi/rp2040/dcd_rp2040.c.obj
                0x1000655c                dcd_set_address
 .text.dcd_connect
                0x10006588       0x10 CMakeFiles/ds3231_clock.dir/C_/Program_Files/Raspberry_Pi/Pico_SDK_v1.5.1/pico-sdk/lib/tinyusb/src/portable/raspberrypi/rp2040/dcd_rp2040.c.obj
                0x10006588                dcd_connect
 .text.dcd_init
                0x10006598       0x80 CMakeFiles/ds3231_clock.dir/C_/Program_Files/Raspberry_Pi/Pico_SDK_v1.5.1/pico-sdk/lib/tinyusb/src/portable/raspberrypi/rp2040/dcd_rp2040.c.obj
                0x10006598                dcd_init
 .text.dcd_edpt0_status_complete
                0x10006618       0x1c CMakeFiles/ds3231_clock.dir/C_/Program_Files/Raspberry_Pi/Pico_SDK_v1.5.1/pico-sdk/lib/tinyusb/src/portable/raspberrypi/rp2040/dcd_rp2040.c.obj
                0x10006618                dcd_edpt0_status_complete
 .text.dcd_edpt_open
                0x10006634       0x40 CMakeFiles/ds3231_clock.dir/C_/Program_Files/Raspberry_Pi/Pico_SDK_v1.5.1/pico-sdk/lib/tinyusb/src/portable/raspberrypi/rp2040/dcd_rp2040.c.obj
                0x10006634                dcd_edpt_open
 .text.dcd_edpt_close_all
                0x10006674        0x8 CMakeFiles/ds3231_clock.dir/C_/Program_Files/Raspberry_Pi/Pico_SDK_v1.5.1/pico-sdk/lib/tinyusb/src/portable/raspberrypi/rp2040/dcd_rp2040.c.obj
                0x10006674                dcd_edpt_close_all
 .text.dcd_edpt_xfer
                0x1000667c       0x34 CMakeFiles/ds3231_clock.dir/C_/Program_Files/Raspberry_Pi/Pico_SDK_v1.5.1/pico-sdk/lib/tinyusb/src/portable/raspberrypi/rp2040/dcd_rp2040.c.obj
                0x1000667c                dcd_edpt_xfer
 .text.dcd_edpt_stall
                0x100066b0       0x2c CMakeFiles/ds3231_clock.dir/C_/Program_Files/Raspberry_Pi/Pico_SDK_v1.5.1/pico-sdk/lib/tinyusb/src/portable/raspberrypi/rp2040/dcd_rp2040.c.obj
                0x100066b0                dcd_edpt_stall
 .text.dcd_edpt_clear_stall
                0x100066dc       0x20 CMakeFiles/ds3231_clock.dir/C_/Program_Files/Raspberry_Pi/Pico_SDK_v1.5.1/pico-sdk/lib/tinyusb/src/portable/raspberrypi/rp2040/dcd_rp2040.c.obj
                0x100066dc                dcd_edpt_clear_stall
 .text.rp2040_usb_init
                0x100066fc       0x4c CMakeFiles/ds3231_clock.dir/C_/Program_Files/Raspberry_Pi/Pico_SDK_v1.5.1/pico-sdk/lib/tinyusb/src/portable/raspberrypi/rp2040/rp2040_usb.c.obj
                0x100066fc                rp2040_usb_init
 .text.hw_endpoint_xfer_start
                0x10006748       0x50 CMakeFiles/ds3231_clock.dir/C_/Program_Files/Raspberry_Pi/Pico_SDK_v1.5.1/pico-sdk/lib/tinyusb/src/portable/raspberrypi/rp2040/rp2040_usb.c.obj
                0x10006748                hw_endpoint_xfer_start
 .text.configuration_reset
                0x10006798       0x84 CMakeFiles/ds3231_clock.dir/C_/Program_Files/Raspberry_Pi/Pico_SDK_v1.5.1/pico-sdk/lib/tinyusb/src/device/usbd.c.obj
 .text.usbd_reset
                0x1000681c        0xc CMakeFiles/ds3231_clock.dir/C_/Program_Files/Raspberry_Pi/Pico_SDK_v1.5.1/pico-sdk/lib/tinyusb/src/device/usbd.c.obj
 .text.invoke_class_control
                0x10006828       0x1a CMakeFiles/ds3231_clock.dir/C_/Program_Files/Raspberry_Pi/Pico_SDK_v1.5.1/pico-sdk/lib/tinyusb/src/device/usbd.c.obj
 *fill*         0x10006842        0x2 
 .text.process_set_config
                0x10006844      0x178 CMakeFiles/ds3231_clock.dir/C_/Program_Files/Raspberry_Pi/Pico_SDK_v1.5.1/pico-sdk/lib/tinyusb/src/device/usbd.c.obj
 .text.process_get_descriptor
                0x100069bc       0xdc CMakeFiles/ds3231_clock.dir/C_/Program_Files/Raspberry_Pi/Pico_SDK_v1.5.1/pico-sdk/lib/tinyusb/src/device/usbd.c.obj
 .text.tud_mounted
                0x10006a98       0x10 CMakeFiles/ds3231_clock.dir/C_/Program_Files/Raspberry_Pi/Pico_SDK_v1.5.1/pico-sdk/lib/tinyusb/src/device/usbd.c.obj
                0x10006a98                tud_mounted
 .text.tud_suspended
                0x10006aa8       0x10 CMakeFiles/ds3231_clock.dir/C_/Program_Files/Raspberry_Pi/Pico_SDK_v1.5.1/pico-sdk/lib/tinyusb/src/device/usbd.c.obj
                0x10006aa8                tud_suspended
 .text.tud_inited
                0x10006ab8       0x14 CMakeFiles/ds3231_clock.dir/C_/Program_Files/Raspberry_Pi/Pico_SDK_v1.5.1/pico-sdk/lib/tinyusb/src/device/usbd.c.obj
                0x10006ab8                tud_inited
 .text.tud_init
                0x10006acc       0xcc CMakeFiles/ds3231_clock.dir/C_/Program_Files/Raspberry_Pi/Pico_SDK_v1.5.1/pico-sdk/lib/tinyusb/src/device/usbd.c.obj
                0x10006acc                tud_init
 .text.usbd_defer_func
                0x10006b98       0x2a CMakeFiles/ds3231_clock.dir/C_/Program_Files/Raspberry_Pi/Pico_SDK_v1.5.1/pico-sdk/lib/tinyusb/src/device/usbd.c.obj
                0x10006b98                usbd_defer_func
 *fill*         0x10006bc2        0x2 
 .text.usbd_edpt_open
                0x10006bc4       0x34 CMakeFiles/ds3231_clock.dir/C_/Program_Files/Raspberry_Pi/Pico_SDK_v1.5.1/pico-sdk/lib/tinyusb/src/device/usbd.c.obj
                0x10006bc4                usbd_edpt_open
 .text.usbd_open_edpt_pair
                0x10006bf8       0x62 CMakeFiles/ds3231_clock.dir/C_/Program_Files/Raspberry_Pi/Pico_SDK_v1.5.1/pico-sdk/lib/tinyusb/src/device/usbd.c.obj
                0x10006bf8                usbd_open_edpt_pair
 *fill*         0x10006c5a        0x2 
 .text.usbd_edpt_claim
                0x10006c5c       0x28 CMakeFiles/ds3231_clock.dir/C_/Program_Files/Raspberry_Pi/Pico_SDK_v1.5.1/pico-sdk/lib/tinyusb/src/device/usbd.c.obj
                0x10006c5c                usbd_edpt_claim
 .text.usbd_edpt_release
                0x10006c84       0x28 CMakeFiles/ds3231_clock.dir/C_/Program_Files/Raspberry_Pi/Pico_SDK_v1.5.1/pico-sdk/lib/tinyusb/src/device/usbd.c.obj
                0x10006c84                usbd_edpt_release
 .text.usbd_edpt_xfer
                0x10006cac       0x78 CMakeFiles/ds3231_clock.dir/C_/Program_Files/Raspberry_Pi/Pico_SDK_v1.5.1/pico-sdk/lib/tinyusb/src/device/usbd.c.obj
                0x10006cac                usbd_edpt_xfer
 .text.usbd_edpt_stall
                0x10006d24       0x48 CMakeFiles/ds3231_clock.dir/C_/Program_Files/Raspberry_Pi/Pico_SDK_v1.5.1/pico-sdk/lib/tinyusb/src/device/usbd.c.obj
                0x10006d24                usbd_edpt_stall
 .text.usbd_edpt_clear_stall
                0x10006d6c       0x48 CMakeFiles/ds3231_clock.dir/C_/Program_Files/Raspberry_Pi/Pico_SDK_v1.5.1/pico-sdk/lib/tinyusb/src/device/usbd.c.obj
                0x10006d6c                usbd_edpt_clear_stall
 .text.usbd_edpt_stalled
                0x10006db4       0x1c CMakeFiles/ds3231_clock.dir/C_/Program_Files/Raspberry_Pi/Pico_SDK_v1.5.1/pico-sdk/lib/tinyusb/src/device/usbd.c.obj
                0x10006db4                usbd_edpt_stalled
 .text.process_control_request
                0x10006dd0      0x37c CMakeFiles/ds3231_clock.dir/C_/Program_Files/Raspberry_Pi/Pico_SDK_v1.5.1/pico-sdk/lib/tinyusb/src/device/usbd.c.obj
 .text.tud_task_ext
                0x1000714c      0x1b8 CMakeFiles/ds3231_clock.dir/C_/Program_Files/Raspberry_Pi/Pico_SDK_v1.5.1/pico-sdk/lib/tinyusb/src/device/usbd.c.obj
                0x1000714c                tud_task_ext
 .text._data_stage_xact
                0x10007304       0x58 CMakeFiles/ds3231_clock.dir/C_/Program_Files/Raspberry_Pi/Pico_SDK_v1.5.1/pico-sdk/lib/tinyusb/src/device/usbd_control.c.obj
 .text.tud_control_status
                0x1000735c       0x38 CMakeFiles/ds3231_clock.dir/C_/Program_Files/Raspberry_Pi/Pico_SDK_v1.5.1/pico-sdk/lib/tinyusb/src/device/usbd_control.c.obj
                0x1000735c                tud_control_status
 .text.tud_control_xfer
                0x10007394       0x74 CMakeFiles/ds3231_clock.dir/C_/Program_Files/Raspberry_Pi/Pico_SDK_v1.5.1/pico-sdk/lib/tinyusb/src/device/usbd_control.c.obj
                0x10007394                tud_control_xfer
 .text.usbd_control_reset
                0x10007408       0x14 CMakeFiles/ds3231_clock.dir/C_/Program_Files/Raspberry_Pi/Pico_SDK_v1.5.1/pico-sdk/lib/tinyusb/src/device/usbd_control.c.obj
                0x10007408                usbd_control_reset
 .text.usbd_control_set_complete_callback
                0x1000741c        0xc CMakeFiles/ds3231_clock.dir/C_/Program_Files/Raspberry_Pi/Pico_SDK_v1.5.1/pico-sdk/lib/tinyusb/src/device/usbd_control.c.obj
                0x1000741c                usbd_control_set_complete_callback
 .text.usbd_control_set_request
                0x10007428       0x1c CMakeFiles/ds3231_clock.dir/C_/Program_Files/Raspberry_Pi/Pico_SDK_v1.5.1/pico-sdk/lib/tinyusb/src/device/usbd_control.c.obj
                0x10007428                usbd_control_set_request
 .text.usbd_control_xfer_cb
                0x10007444       0xcc CMakeFiles/ds3231_clock.dir/C_/Program_Files/Raspberry_Pi/Pico_SDK_v1.5.1/pico-sdk/lib/tinyusb/src/device/usbd_control.c.obj
                0x10007444                usbd_control_xfer_cb
 .text._prep_out_transaction
                0x10007510       0x4a CMakeFiles/ds3231_clock.dir/C_/Program_Files/Raspberry_Pi/Pico_SDK_v1.5.1/pico-sdk/lib/tinyusb/src/class/cdc/cdc_device.c.obj
 *fill*         0x1000755a        0x2 
 .text.tud_cdc_n_connected
                0x1000755c       0x44 CMakeFiles/ds3231_clock.dir/C_/Program_Files/Raspberry_Pi/Pico_SDK_v1.5.1/pico-sdk/lib/tinyusb/src/class/cdc/cdc_device.c.obj
                0x1000755c                tud_cdc_n_connected
 .text.tud_cdc_n_available
                0x100075a0       0x18 CMakeFiles/ds3231_clock.dir/C_/Program_Files/Raspberry_Pi/Pico_SDK_v1.5.1/pico-sdk/lib/tinyusb/src/class/cdc/cdc_device.c.obj
                0x100075a0                tud_cdc_n_available
 .text.tud_cdc_n_read
                0x100075b8       0x28 CMakeFiles/ds3231_clock.dir/C_/Program_Files/Raspberry_Pi/Pico_SDK_v1.5.1/pico-sdk/lib/tinyusb/src/class/cdc/cdc_device.c.obj
                0x100075b8                tud_cdc_n_read
 .text.tud_cdc_n_write_flush
                0x100075e0       0xb8 CMakeFiles/ds3231_clock.dir/C_/Program_Files/Raspberry_Pi/Pico_SDK_v1.5.1/pico-sdk/lib/tinyusb/src/class/cdc/cdc_device.c.obj
                0x100075e0                tud_cdc_n_write_flush
 .text.tud_cdc_n_write
                0x10007698       0x38 CMakeFiles/ds3231_clock.dir/C_/Program_Files/Raspberry_Pi/Pico_SDK_v1.5.1/pico-sdk/lib/tinyusb/src/class/cdc/cdc_device.c.obj
                0x10007698                tud_cdc_n_write
 .text.tud_cdc_n_write_available
                0x100076d0       0x1c CMakeFiles/ds3231_clock.dir/C_/Program_Files/Raspberry_Pi/Pico_SDK_v1.5.1/pico-sdk/lib/tinyusb/src/class/cdc/cdc_device.c.obj
                0x100076d0                tud_cdc_n_write_available
 .text.cdcd_init
                0x100076ec       0xbc CMakeFiles/ds3231_clock.dir/C_/Program_Files/Raspberry_Pi/Pico_SDK_v1.5.1/pico-sdk/lib/tinyusb/src/class/cdc/cdc_device.c.obj
                0x100076ec                cdcd_init
 .text.cdcd_reset
                0x100077a8       0x44 CMakeFiles/ds3231_clock.dir/C_/Program_Files/Raspberry_Pi/Pico_SDK_v1.5.1/pico-sdk/lib/tinyusb/src/class/cdc/cdc_device.c.obj
                0x100077a8                cdcd_reset
 .text.cdcd_open
                0x100077ec       0xcc CMakeFiles/ds3231_clock.dir/C_/Program_Files/Raspberry_Pi/Pico_SDK_v1.5.1/pico-sdk/lib/tinyusb/src/class/cdc/cdc_device.c.obj
                0x100077ec                cdcd_open
 .text.cdcd_control_xfer_cb
                0x100078b8      0x134 CMakeFiles/ds3231_clock.dir/C_/Program_Files/Raspberry_Pi/Pico_SDK_v1.5.1/pico-sdk/lib/tinyusb/src/class/cdc/cdc_device.c.obj
                0x100078b8                cdcd_control_xfer_cb
 .text.cdcd_xfer_cb
                0x100079ec      0x130 CMakeFiles/ds3231_clock.dir/C_/Program_Files/Raspberry_Pi/Pico_SDK_v1.5.1/pico-sdk/lib/tinyusb/src/class/cdc/cdc_device.c.obj
                0x100079ec                cdcd_xfer_cb
 .text.tusb_init
                0x10007b1c        0xa CMakeFiles/ds3231_clock.dir/C_/Program_Files/Raspberry_Pi/Pico_SDK_v1.5.1/pico-sdk/lib/tinyusb/src/tusb.c.obj
                0x10007b1c                tusb_init
 .text.tusb_inited
                0x10007b26        0xe CMakeFiles/ds3231_clock.dir/C_/Program_Files/Raspberry_Pi/Pico_SDK_v1.5.1/pico-sdk/lib/tinyusb/src/tusb.c.obj
                0x10007b26                tusb_inited
 .text.tu_edpt_claim
                0x10007b34       0x50 CMakeFiles/ds3231_clock.dir/C_/Program_Files/Raspberry_Pi/Pico_SDK_v1.5.1/pico-sdk/lib/tinyusb/src/tusb.c.obj
                0x10007b34                tu_edpt_claim
 .text.tu_edpt_release
                0x10007b84       0x3c CMakeFiles/ds3231_clock.dir/C_/Program_Files/Raspberry_Pi/Pico_SDK_v1.5.1/pico-sdk/lib/tinyusb/src/tusb.c.obj
                0x10007b84                tu_edpt_release
 .text.tu_edpt_validate
                0x10007bc0       0x78 CMakeFiles/ds3231_clock.dir/C_/Program_Files/Raspberry_Pi/Pico_SDK_v1.5.1/pico-sdk/lib/tinyusb/src/tusb.c.obj
                0x10007bc0                tu_edpt_validate
 .text.tu_edpt_bind_driver
                0x10007c38       0x26 CMakeFiles/ds3231_clock.dir/C_/Program_Files/Raspberry_Pi/Pico_SDK_v1.5.1/pico-sdk/lib/tinyusb/src/tusb.c.obj
                0x10007c38                tu_edpt_bind_driver
 .text.advance_index
                0x10007c5e       0x1a CMakeFiles/ds3231_clock.dir/C_/Program_Files/Raspberry_Pi/Pico_SDK_v1.5.1/pico-sdk/lib/tinyusb/src/common/tusb_fifo.c.obj
 .text._tu_fifo_peek
                0x10007c78       0x56 CMakeFiles/ds3231_clock.dir/C_/Program_Files/Raspberry_Pi/Pico_SDK_v1.5.1/pico-sdk/lib/tinyusb/src/common/tusb_fifo.c.obj
 .text._ff_pull_const_addr
                0x10007cce       0x4c CMakeFiles/ds3231_clock.dir/C_/Program_Files/Raspberry_Pi/Pico_SDK_v1.5.1/pico-sdk/lib/tinyusb/src/common/tusb_fifo.c.obj
 .text._ff_pull_n
                0x10007d1a      0x110 CMakeFiles/ds3231_clock.dir/C_/Program_Files/Raspberry_Pi/Pico_SDK_v1.5.1/pico-sdk/lib/tinyusb/src/common/tusb_fifo.c.obj
 .text._tu_fifo_peek_n
                0x10007e2a       0x6a CMakeFiles/ds3231_clock.dir/C_/Program_Files/Raspberry_Pi/Pico_SDK_v1.5.1/pico-sdk/lib/tinyusb/src/common/tusb_fifo.c.obj
 .text._tu_fifo_read_n
                0x10007e94       0x4e CMakeFiles/ds3231_clock.dir/C_/Program_Files/Raspberry_Pi/Pico_SDK_v1.5.1/pico-sdk/lib/tinyusb/src/common/tusb_fifo.c.obj
 .text._ff_push_const_addr
                0x10007ee2       0x40 CMakeFiles/ds3231_clock.dir/C_/Program_Files/Raspberry_Pi/Pico_SDK_v1.5.1/pico-sdk/lib/tinyusb/src/common/tusb_fifo.c.obj
 .text._ff_push_n
                0x10007f22      0x10c CMakeFiles/ds3231_clock.dir/C_/Program_Files/Raspberry_Pi/Pico_SDK_v1.5.1/pico-sdk/lib/tinyusb/src/common/tusb_fifo.c.obj
 .text._tu_fifo_write_n
                0x1000802e       0xf0 CMakeFiles/ds3231_clock.dir/C_/Program_Files/Raspberry_Pi/Pico_SDK_v1.5.1/pico-sdk/lib/tinyusb/src/common/tusb_fifo.c.obj
 .text.tu_fifo_config
                0x1000811e       0x7c CMakeFiles/ds3231_clock.dir/C_/Program_Files/Raspberry_Pi/Pico_SDK_v1.5.1/pico-sdk/lib/tinyusb/src/common/tusb_fifo.c.obj
                0x1000811e                tu_fifo_config
 .text.tu_fifo_count
                0x1000819a       0x2a CMakeFiles/ds3231_clock.dir/C_/Program_Files/Raspberry_Pi/Pico_SDK_v1.5.1/pico-sdk/lib/tinyusb/src/common/tusb_fifo.c.obj
                0x1000819a                tu_fifo_count
 .text.tu_fifo_empty
                0x100081c4       0x10 CMakeFiles/ds3231_clock.dir/C_/Program_Files/Raspberry_Pi/Pico_SDK_v1.5.1/pico-sdk/lib/tinyusb/src/common/tusb_fifo.c.obj
                0x100081c4                tu_fifo_empty
 .text.tu_fifo_full
                0x100081d4       0x28 CMakeFiles/ds3231_clock.dir/C_/Program_Files/Raspberry_Pi/Pico_SDK_v1.5.1/pico-sdk/lib/tinyusb/src/common/tusb_fifo.c.obj
                0x100081d4                tu_fifo_full
 .text.tu_fifo_remaining
                0x100081fc       0x2c CMakeFiles/ds3231_clock.dir/C_/Program_Files/Raspberry_Pi/Pico_SDK_v1.5.1/pico-sdk/lib/tinyusb/src/common/tusb_fifo.c.obj
                0x100081fc                tu_fifo_remaining
 .text.tu_fifo_read
                0x10008228       0x42 CMakeFiles/ds3231_clock.dir/C_/Program_Files/Raspberry_Pi/Pico_SDK_v1.5.1/pico-sdk/lib/tinyusb/src/common/tusb_fifo.c.obj
                0x10008228                tu_fifo_read
 .text.tu_fifo_read_n
                0x1000826a        0xa CMakeFiles/ds3231_clock.dir/C_/Program_Files/Raspberry_Pi/Pico_SDK_v1.5.1/pico-sdk/lib/tinyusb/src/common/tusb_fifo.c.obj
                0x1000826a                tu_fifo_read_n
 .text.tu_fifo_write
                0x10008274       0x64 CMakeFiles/ds3231_clock.dir/C_/Program_Files/Raspberry_Pi/Pico_SDK_v1.5.1/pico-sdk/lib/tinyusb/src/common/tusb_fifo.c.obj
                0x10008274                tu_fifo_write
 .text.tu_fifo_write_n
                0x100082d8        0xa CMakeFiles/ds3231_clock.dir/C_/Program_Files/Raspberry_Pi/Pico_SDK_v1.5.1/pico-sdk/lib/tinyusb/src/common/tusb_fifo.c.obj
                0x100082d8                tu_fifo_write_n
 .text.tu_fifo_clear
                0x100082e2       0x3e CMakeFiles/ds3231_clock.dir/C_/Program_Files/Raspberry_Pi/Pico_SDK_v1.5.1/pico-sdk/lib/tinyusb/src/common/tusb_fifo.c.obj
                0x100082e2                tu_fifo_clear
 .text.tu_fifo_set_overwritable
                0x10008320       0x46 CMakeFiles/ds3231_clock.dir/C_/Program_Files/Raspberry_Pi/Pico_SDK_v1.5.1/pico-sdk/lib/tinyusb/src/common/tusb_fifo.c.obj
                0x10008320                tu_fifo_set_overwritable
 .text.i2c_write_blocking_internal
                0x10008366      0x140 CMakeFiles/ds3231_clock.dir/C_/Program_Files/Raspberry_Pi/Pico_SDK_v1.5.1/pico-sdk/src/rp2_common/hardware_i2c/i2c.c.obj
 .text.i2c_read_blocking_internal
                0x100084a6       0xe6 CMakeFiles/ds3231_clock.dir/C_/Program_Files/Raspberry_Pi/Pico_SDK_v1.5.1/pico-sdk/src/rp2_common/hardware_i2c/i2c.c.obj
 .text.i2c_set_baudrate
                0x1000858c       0xf0 CMakeFiles/ds3231_clock.dir/C_/Program_Files/Raspberry_Pi/Pico_SDK_v1.5.1/pico-sdk/src/rp2_common/hardware_i2c/i2c.c.obj
                0x1000858c                i2c_set_baudrate
 .text.i2c_init
                0x1000867c       0x58 CMakeFiles/ds3231_clock.dir/C_/Program_Files/Raspberry_Pi/Pico_SDK_v1.5.1/pico-sdk/src/rp2_common/hardware_i2c/i2c.c.obj
                0x1000867c                i2c_init
 .text.i2c_write_blocking
                0x100086d4       0x18 CMakeFiles/ds3231_clock.dir/C_/Program_Files/Raspberry_Pi/Pico_SDK_v1.5.1/pico-sdk/src/rp2_common/hardware_i2c/i2c.c.obj
                0x100086d4                i2c_write_blocking
 .text.i2c_read_blocking
                0x100086ec       0x18 CMakeFiles/ds3231_clock.dir/C_/Program_Files/Raspberry_Pi/Pico_SDK_v1.5.1/pico-sdk/src/rp2_common/hardware_i2c/i2c.c.obj
                0x100086ec                i2c_read_blocking
 .text.malloc   0x10008704       0x14 c:/progra~1/raspbe~1/picosd~1.1/gcc-ar~1/bin/../lib/gcc/arm-none-eabi/10.3.1/../../../../arm-none-eabi/lib/thumb/v6-m/nofp\libg.a(lib_a-malloc.o)
                0x10008704                malloc
 .text.free     0x10008718       0x14 c:/progra~1/raspbe~1/picosd~1.1/gcc-ar~1/bin/../lib/gcc/arm-none-eabi/10.3.1/../../../../arm-none-eabi/lib/thumb/v6-m/nofp\libg.a(lib_a-malloc.o)
                0x10008718                free
 .text._malloc_r
                0x1000872c      0x584 c:/progra~1/raspbe~1/picosd~1.1/gcc-ar~1/bin/../lib/gcc/arm-none-eabi/10.3.1/../../../../arm-none-eabi/lib/thumb/v6-m/nofp\libg.a(lib_a-mallocr.o)
                0x1000872c                _malloc_r
 .text.__malloc_lock
                0x10008cb0       0x10 c:/progra~1/raspbe~1/picosd~1.1/gcc-ar~1/bin/../lib/gcc/arm-none-eabi/10.3.1/../../../../arm-none-eabi/lib/thumb/v6-m/nofp\libg.a(lib_a-mlock.o)
                0x10008cb0                __malloc_lock
 .text.__malloc_unlock
                0x10008cc0       0x10 c:/progra~1/raspbe~1/picosd~1.1/gcc-ar~1/bin/../lib/gcc/arm-none-eabi/10.3.1/../../../../arm-none-eabi/lib/thumb/v6-m/nofp\libg.a(lib_a-mlock.o)
                0x10008cc0                __malloc_unlock
 .text._sbrk_r  0x10008cd0       0x24 c:/progra~1/raspbe~1/picosd~1.1/gcc-ar~1/bin/../lib/gcc/arm-none-eabi/10.3.1/../../../../arm-none-eabi/lib/thumb/v6-m/nofp\libg.a(lib_a-sbrkr.o)
                0x10008cd0                _sbrk_r
 .text.strlen   0x10008cf4       0x5c c:/progra~1/raspbe~1/picosd~1.1/gcc-ar~1/bin/../lib/gcc/arm-none-eabi/10.3.1/../../../../arm-none-eabi/lib/thumb/v6-m/nofp\libg.a(lib_a-strlen-stub.o)
                0x10008cf4                strlen
 .text._malloc_trim_r
                0x10008d50       0x9c c:/progra~1/raspbe~1/picosd~1.1/gcc-ar~1/bin/../lib/gcc/arm-none-eabi/10.3.1/../../../../arm-none-eabi/lib/thumb/v6-m/nofp\libg.a(lib_a-freer.o)
                0x10008d50                _malloc_trim_r
 .text._free_r  0x10008dec      0x1c4 c:/progra~1/raspbe~1/picosd~1.1/gcc-ar~1/bin/../lib/gcc/arm-none-eabi/10.3.1/../../../../arm-none-eabi/lib/thumb/v6-m/nofp\libg.a(lib_a-freer.o)
                0x10008dec                _free_r
 .text.__retarget_lock_acquire_recursive
                0x10008fb0        0x4 c:/progra~1/raspbe~1/picosd~1.1/gcc-ar~1/bin/../lib/gcc/arm-none-eabi/10.3.1/../../../../arm-none-eabi/lib/thumb/v6-m/nofp\libg.a(lib_a-lock.o)
                0x10008fb0                __retarget_lock_acquire_recursive
 .text.__retarget_lock_release_recursive
                0x10008fb4        0x4 c:/progra~1/raspbe~1/picosd~1.1/gcc-ar~1/bin/../lib/gcc/arm-none-eabi/10.3.1/../../../../arm-none-eabi/lib/thumb/v6-m/nofp\libg.a(lib_a-lock.o)
                0x10008fb4                __retarget_lock_release_recursive
 *(.fini)
 .fini          0x10008fb8        0x4 c:/progra~1/raspbe~1/picosd~1.1/gcc-ar~1/bin/../lib/gcc/arm-none-eabi/10.3.1/thumb/v6-m/nofp/crti.o
                0x10008fb8                _fini
 *fill*         0x10008fbc        0x4 
 .fini.__stub   0x10008fc0       0xe0 linker stubs
 *crtbegin.o(.ctors)
 *crtbegin?.o(.ctors)
 *(EXCLUDE_FILE(*crtend.o *crtend?.o) .ctors)
 *(SORT_BY_NAME(.ctors.*))
 *(.ctors)
 *crtbegin.o(.dtors)
 *crtbegin?.o(.dtors)
 *(EXCLUDE_FILE(*crtend.o *crtend?.o) .dtors)
 *(SORT_BY_NAME(.dtors.*))
 *(.dtors)
 *(.eh_frame*)
 .eh_frame      0x100090a0        0x0 c:/progra~1/raspbe~1/picosd~1.1/gcc-ar~1/bin/../lib/gcc/arm-none-eabi/10.3.1/thumb/v6-m/nofp/crtbegin.o
                0x100090a0                . = ALIGN (0x4)

.glue_7         0x100090a0        0x0
 .glue_7        0x100090a0        0x0 linker stubs

.glue_7t        0x100090a0        0x0
 .glue_7t       0x100090a0        0x0 linker stubs

.vfp11_veneer   0x100090a0        0x0
 .vfp11_veneer  0x100090a0        0x0 linker stubs

.v4_bx          0x100090a0        0x0
 .v4_bx         0x100090a0        0x0 linker stubs

.iplt           0x100090a0        0x0
 .iplt          0x100090a0        0x0 c:/progra~1/raspbe~1/picosd~1.1/gcc-ar~1/bin/../lib/gcc/arm-none-eabi/10.3.1/thumb/v6-m/nofp/crtbegin.o

.rodata         0x100090a0     0x1f24
 *(EXCLUDE_FILE(*libm.a: *libc.a:*lib_a-mem*.o *libgcc.a:) .rodata*)
 .rodata.str1.4
                0x100090a0       0x1c CMakeFiles/ds3231_clock.dir/examples/ds3231_clock.cpp.obj
 .rodata._Z14drawYellowAreaR7SSD1306iiiif.str1.4
                0x100090bc       0x18 CMakeFiles/ds3231_clock.dir/examples/ds3231_clock.cpp.obj
 .rodata.main.str1.4
                0x100090d4      0x475 CMakeFiles/ds3231_clock.dir/examples/ds3231_clock.cpp.obj
 *fill*         0x10009549        0x3 
 .rodata        0x1000954c       0x1c CMakeFiles/ds3231_clock.dir/examples/ds3231_clock.cpp.obj
 .rodata._ZL16segment_patterns
                0x10009568        0xa CMakeFiles/ds3231_clock.dir/examples/ds3231_clock.cpp.obj
 *fill*         0x10009572        0x2 
 .rodata._ZN7SSD13067font5x7E
                0x10009574      0x1db CMakeFiles/ds3231_clock.dir/src/ssd1306.cpp.obj
                0x10009574                SSD1306::font5x7
 *fill*         0x1000974f        0x1 
 .rodata._ZZN7SSD13065beginEhhbE5init1
                0x10009750        0x4 CMakeFiles/ds3231_clock.dir/src/ssd1306.cpp.obj
 .rodata._ZZN7SSD13065beginEhhbE5init2
                0x10009754        0x4 CMakeFiles/ds3231_clock.dir/src/ssd1306.cpp.obj
 .rodata._ZZN7SSD13065beginEhhbE5init3
                0x10009758        0x4 CMakeFiles/ds3231_clock.dir/src/ssd1306.cpp.obj
 .rodata._ZZN7SSD13067displayEvE6dlist1
                0x1000975c        0x4 CMakeFiles/ds3231_clock.dir/src/ssd1306.cpp.obj
 .rodata.str1.4
                0x10009760       0x1c CMakeFiles/ds3231_clock.dir/src/ds3231/ds3231_driver.cpp.obj
 .rodata.ds3231_time_to_string.str1.4
                0x10009760       0x21 CMakeFiles/ds3231_clock.dir/src/ds3231/ds3231_driver.cpp.obj
 *fill*         0x10009781        0x3 
 .rodata        0x10009784       0x1c CMakeFiles/ds3231_clock.dir/src/ds3231/ds3231_driver.cpp.obj
 .rodata.spin_lock_claim_unused.str1.4
                0x100097a0       0x1b CMakeFiles/ds3231_clock.dir/C_/Program_Files/Raspberry_Pi/Pico_SDK_v1.5.1/pico-sdk/src/rp2_common/hardware_sync/sync.c.obj
 *fill*         0x100097bb        0x1 
 .rodata.make_branch.str1.4
                0x100097bc       0x89 CMakeFiles/ds3231_clock.dir/C_/Program_Files/Raspberry_Pi/Pico_SDK_v1.5.1/pico-sdk/src/rp2_common/hardware_irq/irq.c.obj
 *fill*         0x10009845        0x3 
 .rodata.insert_branch_and_link.str1.4
                0x10009848       0x10 CMakeFiles/ds3231_clock.dir/C_/Program_Files/Raspberry_Pi/Pico_SDK_v1.5.1/pico-sdk/src/rp2_common/hardware_irq/irq.c.obj
 .rodata.irq_set_exclusive_handler.str1.4
                0x10009858       0x36 CMakeFiles/ds3231_clock.dir/C_/Program_Files/Raspberry_Pi/Pico_SDK_v1.5.1/pico-sdk/src/rp2_common/hardware_irq/irq.c.obj
 *fill*         0x1000988e        0x2 
 .rodata.irq_add_shared_handler.str1.4
                0x10009890       0xd9 CMakeFiles/ds3231_clock.dir/C_/Program_Files/Raspberry_Pi/Pico_SDK_v1.5.1/pico-sdk/src/rp2_common/hardware_irq/irq.c.obj
 *fill*         0x10009969        0x3 
 .rodata.irq_remove_handler.str1.4
                0x1000996c       0x3a CMakeFiles/ds3231_clock.dir/C_/Program_Files/Raspberry_Pi/Pico_SDK_v1.5.1/pico-sdk/src/rp2_common/hardware_irq/irq.c.obj
 *fill*         0x100099a6        0x2 
 .rodata.irq_add_tail_to_free_list.str1.4
                0x100099a8       0x3a CMakeFiles/ds3231_clock.dir/C_/Program_Files/Raspberry_Pi/Pico_SDK_v1.5.1/pico-sdk/src/rp2_common/hardware_irq/irq.c.obj
 *fill*         0x100099e2        0x2 
 .rodata.user_irq_claim_unused.str1.4
                0x100099e4       0x1b CMakeFiles/ds3231_clock.dir/C_/Program_Files/Raspberry_Pi/Pico_SDK_v1.5.1/pico-sdk/src/rp2_common/hardware_irq/irq.c.obj
 *fill*         0x100099ff        0x1 
 .rodata.__func__.0
                0x10009a00       0x1a CMakeFiles/ds3231_clock.dir/C_/Program_Files/Raspberry_Pi/Pico_SDK_v1.5.1/pico-sdk/src/rp2_common/hardware_irq/irq.c.obj
 *fill*         0x10009a1a        0x2 
 .rodata.__func__.1
                0x10009a1c       0x17 CMakeFiles/ds3231_clock.dir/C_/Program_Files/Raspberry_Pi/Pico_SDK_v1.5.1/pico-sdk/src/rp2_common/hardware_irq/irq.c.obj
 *fill*         0x10009a33        0x1 
 .rodata.__func__.2
                0x10009a34       0x13 CMakeFiles/ds3231_clock.dir/C_/Program_Files/Raspberry_Pi/Pico_SDK_v1.5.1/pico-sdk/src/rp2_common/hardware_irq/irq.c.obj
 *fill*         0x10009a47        0x1 
 .rodata.__func__.3
                0x10009a48        0xc CMakeFiles/ds3231_clock.dir/C_/Program_Files/Raspberry_Pi/Pico_SDK_v1.5.1/pico-sdk/src/rp2_common/hardware_irq/irq.c.obj
 .rodata.__func__.4
                0x10009a54        0xf CMakeFiles/ds3231_clock.dir/C_/Program_Files/Raspberry_Pi/Pico_SDK_v1.5.1/pico-sdk/src/rp2_common/hardware_irq/irq.c.obj
 *fill*         0x10009a63        0x1 
 .rodata.__func__.5
                0x10009a64       0x17 CMakeFiles/ds3231_clock.dir/C_/Program_Files/Raspberry_Pi/Pico_SDK_v1.5.1/pico-sdk/src/rp2_common/hardware_irq/irq.c.obj
 *fill*         0x10009a7b        0x1 
 .rodata.__func__.6
                0x10009a7c       0x1a CMakeFiles/ds3231_clock.dir/C_/Program_Files/Raspberry_Pi/Pico_SDK_v1.5.1/pico-sdk/src/rp2_common/hardware_irq/irq.c.obj
 *fill*         0x10009a96        0x2 
 .rodata.str1.4
                0x10009a98      0x125 CMakeFiles/ds3231_clock.dir/C_/Program_Files/Raspberry_Pi/Pico_SDK_v1.5.1/pico-sdk/src/common/pico_sync/mutex.c.obj
 *fill*         0x10009bbd        0x3 
 .rodata.__func__.1
                0x10009bc0        0xb CMakeFiles/ds3231_clock.dir/C_/Program_Files/Raspberry_Pi/Pico_SDK_v1.5.1/pico-sdk/src/common/pico_sync/mutex.c.obj
 *fill*         0x10009bcb        0x1 
 .rodata.__func__.3
                0x10009bcc       0x18 CMakeFiles/ds3231_clock.dir/C_/Program_Files/Raspberry_Pi/Pico_SDK_v1.5.1/pico-sdk/src/common/pico_sync/mutex.c.obj
 .rodata.__func__.4
                0x10009be4       0x15 CMakeFiles/ds3231_clock.dir/C_/Program_Files/Raspberry_Pi/Pico_SDK_v1.5.1/pico-sdk/src/common/pico_sync/mutex.c.obj
 *fill*         0x10009bf9        0x3 
 .rodata.repeating_timer_callback.str1.4
                0x10009bfc       0x67 CMakeFiles/ds3231_clock.dir/C_/Program_Files/Raspberry_Pi/Pico_SDK_v1.5.1/pico-sdk/src/common/pico_time/time.c.obj
 *fill*         0x10009c63        0x1 
 .rodata.timer_pool_entry_comparator.str1.4
                0x10009c64       0x22 CMakeFiles/ds3231_clock.dir/C_/Program_Files/Raspberry_Pi/Pico_SDK_v1.5.1/pico-sdk/src/common/pico_time/time.c.obj
 *fill*         0x10009c86        0x2 
 .rodata.ph_add_child_node.str1.4
                0x10009c88       0xb2 CMakeFiles/ds3231_clock.dir/C_/Program_Files/Raspberry_Pi/Pico_SDK_v1.5.1/pico-sdk/src/common/pico_time/time.c.obj
 *fill*         0x10009d3a        0x2 
 .rodata.add_alarm_under_lock.str1.4
                0x10009d3c       0x28 CMakeFiles/ds3231_clock.dir/C_/Program_Files/Raspberry_Pi/Pico_SDK_v1.5.1/pico-sdk/src/common/pico_time/time.c.obj
                                 0x2b (size before relaxing)
 .rodata.alarm_pool_alarm_callback.str1.4
                0x10009d64       0x98 CMakeFiles/ds3231_clock.dir/C_/Program_Files/Raspberry_Pi/Pico_SDK_v1.5.1/pico-sdk/src/common/pico_time/time.c.obj
                                0x118 (size before relaxing)
 .rodata.alarm_pool_get_default.str1.4
                0x10009dfc       0x21 CMakeFiles/ds3231_clock.dir/C_/Program_Files/Raspberry_Pi/Pico_SDK_v1.5.1/pico-sdk/src/common/pico_time/time.c.obj
 *fill*         0x10009e1d        0x3 
 .rodata.alarm_pool_cancel_alarm.str1.4
                0x10009e20       0x27 CMakeFiles/ds3231_clock.dir/C_/Program_Files/Raspberry_Pi/Pico_SDK_v1.5.1/pico-sdk/src/common/pico_time/time.c.obj
 *fill*         0x10009e47        0x1 
 .rodata.sleep_until.str1.4
                0x10009e48       0x4d CMakeFiles/ds3231_clock.dir/C_/Program_Files/Raspberry_Pi/Pico_SDK_v1.5.1/pico-sdk/src/common/pico_time/time.c.obj
 *fill*         0x10009e95        0x3 
 .rodata.__func__.1
                0x10009e98       0x18 CMakeFiles/ds3231_clock.dir/C_/Program_Files/Raspberry_Pi/Pico_SDK_v1.5.1/pico-sdk/src/common/pico_time/time.c.obj
 .rodata.__func__.10
                0x10009eb0       0x15 CMakeFiles/ds3231_clock.dir/C_/Program_Files/Raspberry_Pi/Pico_SDK_v1.5.1/pico-sdk/src/common/pico_time/time.c.obj
 *fill*         0x10009ec5        0x3 
 .rodata.__func__.11
                0x10009ec8       0x1a CMakeFiles/ds3231_clock.dir/C_/Program_Files/Raspberry_Pi/Pico_SDK_v1.5.1/pico-sdk/src/common/pico_time/time.c.obj
 *fill*         0x10009ee2        0x2 
 .rodata.__func__.12
                0x10009ee4        0xa CMakeFiles/ds3231_clock.dir/C_/Program_Files/Raspberry_Pi/Pico_SDK_v1.5.1/pico-sdk/src/common/pico_time/time.c.obj
 *fill*         0x10009eee        0x2 
 .rodata.__func__.3
                0x10009ef0       0x17 CMakeFiles/ds3231_clock.dir/C_/Program_Files/Raspberry_Pi/Pico_SDK_v1.5.1/pico-sdk/src/common/pico_time/time.c.obj
 *fill*         0x10009f07        0x1 
 .rodata.__func__.4
                0x10009f08       0x12 CMakeFiles/ds3231_clock.dir/C_/Program_Files/Raspberry_Pi/Pico_SDK_v1.5.1/pico-sdk/src/common/pico_time/time.c.obj
 *fill*         0x10009f1a        0x2 
 .rodata.__func__.5
                0x10009f1c        0xd CMakeFiles/ds3231_clock.dir/C_/Program_Files/Raspberry_Pi/Pico_SDK_v1.5.1/pico-sdk/src/common/pico_time/time.c.obj
 *fill*         0x10009f29        0x3 
 .rodata.__func__.6
                0x10009f2c       0x12 CMakeFiles/ds3231_clock.dir/C_/Program_Files/Raspberry_Pi/Pico_SDK_v1.5.1/pico-sdk/src/common/pico_time/time.c.obj
 *fill*         0x10009f3e        0x2 
 .rodata.__func__.7
                0x10009f40        0xf CMakeFiles/ds3231_clock.dir/C_/Program_Files/Raspberry_Pi/Pico_SDK_v1.5.1/pico-sdk/src/common/pico_time/time.c.obj
 *fill*         0x10009f4f        0x1 
 .rodata.__func__.8
                0x10009f50        0xc CMakeFiles/ds3231_clock.dir/C_/Program_Files/Raspberry_Pi/Pico_SDK_v1.5.1/pico-sdk/src/common/pico_time/time.c.obj
 .rodata.__func__.9
                0x10009f5c       0x15 CMakeFiles/ds3231_clock.dir/C_/Program_Files/Raspberry_Pi/Pico_SDK_v1.5.1/pico-sdk/src/common/pico_time/time.c.obj
 *fill*         0x10009f71        0x3 
 .rodata.hardware_alarm_claim.str1.4
                0x10009f74       0x22 CMakeFiles/ds3231_clock.dir/C_/Program_Files/Raspberry_Pi/Pico_SDK_v1.5.1/pico-sdk/src/rp2_common/hardware_timer/timer.c.obj
 .rodata.busy_wait_us.str1.4
                0x10009f96       0x7d CMakeFiles/ds3231_clock.dir/C_/Program_Files/Raspberry_Pi/Pico_SDK_v1.5.1/pico-sdk/src/rp2_common/hardware_timer/timer.c.obj
 *fill*         0x10009f96        0x2 
 .rodata.hardware_alarm_set_target.str1.4
                0x10009f98       0x81 CMakeFiles/ds3231_clock.dir/C_/Program_Files/Raspberry_Pi/Pico_SDK_v1.5.1/pico-sdk/src/rp2_common/hardware_timer/timer.c.obj
 *fill*         0x1000a019        0x3 
 .rodata.__func__.0
                0x1000a01c       0x1a CMakeFiles/ds3231_clock.dir/C_/Program_Files/Raspberry_Pi/Pico_SDK_v1.5.1/pico-sdk/src/rp2_common/hardware_timer/timer.c.obj
 *fill*         0x1000a036        0x2 
 .rodata.__func__.1
                0x1000a038       0x15 CMakeFiles/ds3231_clock.dir/C_/Program_Files/Raspberry_Pi/Pico_SDK_v1.5.1/pico-sdk/src/rp2_common/hardware_timer/timer.c.obj
 .rodata.ph_add_child_node.str1.4
                0x1000a04d       0xb2 CMakeFiles/ds3231_clock.dir/C_/Program_Files/Raspberry_Pi/Pico_SDK_v1.5.1/pico-sdk/src/common/pico_util/pheap.c.obj
 *fill*         0x1000a04d        0x3 
 .rodata.ph_remove_any_head.str1.4
                0x1000a050       0xa8 CMakeFiles/ds3231_clock.dir/C_/Program_Files/Raspberry_Pi/Pico_SDK_v1.5.1/pico-sdk/src/common/pico_util/pheap.c.obj
                                 0xbc (size before relaxing)
 .rodata.ph_remove_and_free_node.str1.4
                0x1000a0f8       0x1e CMakeFiles/ds3231_clock.dir/C_/Program_Files/Raspberry_Pi/Pico_SDK_v1.5.1/pico-sdk/src/common/pico_util/pheap.c.obj
                                 0x26 (size before relaxing)
 *fill*         0x1000a116        0x2 
 .rodata.__func__.0
                0x1000a118       0x18 CMakeFiles/ds3231_clock.dir/C_/Program_Files/Raspberry_Pi/Pico_SDK_v1.5.1/pico-sdk/src/common/pico_util/pheap.c.obj
 .rodata.__func__.1
                0x1000a130       0x13 CMakeFiles/ds3231_clock.dir/C_/Program_Files/Raspberry_Pi/Pico_SDK_v1.5.1/pico-sdk/src/common/pico_util/pheap.c.obj
 *fill*         0x1000a143        0x1 
 .rodata.__func__.2
                0x1000a144       0x12 CMakeFiles/ds3231_clock.dir/C_/Program_Files/Raspberry_Pi/Pico_SDK_v1.5.1/pico-sdk/src/common/pico_util/pheap.c.obj
 *fill*         0x1000a156        0x2 
 .rodata.__func__.3
                0x1000a158        0xc CMakeFiles/ds3231_clock.dir/C_/Program_Files/Raspberry_Pi/Pico_SDK_v1.5.1/pico-sdk/src/common/pico_util/pheap.c.obj
 .rodata.clock_configure.str1.4
                0x1000a164       0x73 CMakeFiles/ds3231_clock.dir/C_/Program_Files/Raspberry_Pi/Pico_SDK_v1.5.1/pico-sdk/src/rp2_common/hardware_clocks/clocks.c.obj
 *fill*         0x1000a1d7        0x1 
 .rodata.__func__.1
                0x1000a1d8       0x10 CMakeFiles/ds3231_clock.dir/C_/Program_Files/Raspberry_Pi/Pico_SDK_v1.5.1/pico-sdk/src/rp2_common/hardware_clocks/clocks.c.obj
 .rodata.pll_init.str1.4
                0x1000a1e8      0x140 CMakeFiles/ds3231_clock.dir/C_/Program_Files/Raspberry_Pi/Pico_SDK_v1.5.1/pico-sdk/src/rp2_common/hardware_pll/pll.c.obj
 .rodata.__func__.0
                0x1000a328        0x9 CMakeFiles/ds3231_clock.dir/C_/Program_Files/Raspberry_Pi/Pico_SDK_v1.5.1/pico-sdk/src/rp2_common/hardware_pll/pll.c.obj
 *fill*         0x1000a331        0x3 
 .rodata.__assert_func.str1.4
                0x1000a334       0x3f CMakeFiles/ds3231_clock.dir/C_/Program_Files/Raspberry_Pi/Pico_SDK_v1.5.1/pico-sdk/src/rp2_common/pico_runtime/runtime.c.obj
                                 0x43 (size before relaxing)
 *fill*         0x1000a373        0x1 
 .rodata.runtime_init.str1.4
                0x1000a374       0x7d CMakeFiles/ds3231_clock.dir/C_/Program_Files/Raspberry_Pi/Pico_SDK_v1.5.1/pico-sdk/src/rp2_common/pico_runtime/runtime.c.obj
 *fill*         0x1000a3f1        0x3 
 .rodata.panic.str1.4